Component: ARM Compiler 5.06 update 6 (build 750) Tool: armlink [4d35ed]

==============================================================================

Section Cross References

    startup_stm32f746xx.o(RESET) refers to startup_stm32f746xx.o(STACK) for __initial_sp
    startup_stm32f746xx.o(RESET) refers to startup_stm32f746xx.o(.text) for Reset_Handler
    startup_stm32f746xx.o(RESET) refers to stm32f7xx_it.o(i.NMI_Handler) for NMI_Handler
    startup_stm32f746xx.o(RESET) refers to stm32f7xx_it.o(i.HardFault_Handler) for HardFault_Handler
    startup_stm32f746xx.o(RESET) refers to stm32f7xx_it.o(i.MemManage_Handler) for MemManage_Handler
    startup_stm32f746xx.o(RESET) refers to stm32f7xx_it.o(i.BusFault_Handler) for BusFault_Handler
    startup_stm32f746xx.o(RESET) refers to stm32f7xx_it.o(i.UsageFault_Handler) for UsageFault_Handler
    startup_stm32f746xx.o(RESET) refers to stm32f7xx_it.o(i.SVC_Handler) for SVC_Handler
    startup_stm32f746xx.o(RESET) refers to stm32f7xx_it.o(i.DebugMon_Handler) for DebugMon_Handler
    startup_stm32f746xx.o(RESET) refers to stm32f7xx_it.o(i.PendSV_Handler) for PendSV_Handler
    startup_stm32f746xx.o(RESET) refers to stm32f7xx_it.o(i.SysTick_Handler) for SysTick_Handler
    startup_stm32f746xx.o(RESET) refers to stm32f7xx_it.o(i.EXTI15_10_IRQHandler) for EXTI15_10_IRQHandler
    startup_stm32f746xx.o(.text) refers to system_stm32f7xx.o(i.SystemInit) for SystemInit
    startup_stm32f746xx.o(.text) refers to entry.o(.ARM.Collect$$$$00000000) for __main
    main.o(i.MX_GPIO_Init) refers to memseta.o(.text) for __aeabi_memclr4
    main.o(i.MX_GPIO_Init) refers to stm32f7xx_hal_gpio.o(i.HAL_GPIO_WritePin) for HAL_GPIO_WritePin
    main.o(i.MX_GPIO_Init) refers to stm32f7xx_hal_gpio.o(i.HAL_GPIO_Init) for HAL_GPIO_Init
    main.o(i.MX_GPIO_Init) refers to stm32f7xx_hal_cortex.o(i.HAL_NVIC_SetPriority) for HAL_NVIC_SetPriority
    main.o(i.MX_GPIO_Init) refers to stm32f7xx_hal_cortex.o(i.HAL_NVIC_EnableIRQ) for HAL_NVIC_EnableIRQ
    main.o(i.MX_TIM1_Init) refers to stm32f7xx_hal_tim.o(i.HAL_TIM_Base_Init) for HAL_TIM_Base_Init
    main.o(i.MX_TIM1_Init) refers to stm32f7xx_hal_tim.o(i.HAL_TIM_ConfigClockSource) for HAL_TIM_ConfigClockSource
    main.o(i.MX_TIM1_Init) refers to stm32f7xx_hal_tim_ex.o(i.HAL_TIMEx_MasterConfigSynchronization) for HAL_TIMEx_MasterConfigSynchronization
    main.o(i.MX_TIM1_Init) refers to main.o(.bss) for .bss
    main.o(i.SystemClock_Config) refers to memseta.o(.text) for __aeabi_memclr4
    main.o(i.SystemClock_Config) refers to stm32f7xx_hal_rcc.o(i.HAL_RCC_OscConfig) for HAL_RCC_OscConfig
    main.o(i.SystemClock_Config) refers to stm32f7xx_hal_pwr_ex.o(i.HAL_PWREx_EnableOverDrive) for HAL_PWREx_EnableOverDrive
    main.o(i.SystemClock_Config) refers to stm32f7xx_hal_rcc.o(i.HAL_RCC_ClockConfig) for HAL_RCC_ClockConfig
    main.o(i.SystemClock_Config) refers to stm32f7xx_hal_rcc_ex.o(i.HAL_RCCEx_PeriphCLKConfig) for HAL_RCCEx_PeriphCLKConfig
    main.o(i.delay_us) refers to main.o(.bss) for .bss
    main.o(i.main) refers to stm32f7xx_hal.o(i.HAL_Init) for HAL_Init
    main.o(i.main) refers to main.o(i.SystemClock_Config) for SystemClock_Config
    main.o(i.main) refers to main.o(i.MX_GPIO_Init) for MX_GPIO_Init
    main.o(i.main) refers to fatfs.o(i.MX_FATFS_Init) for MX_FATFS_Init
    main.o(i.main) refers to main.o(i.MX_TIM1_Init) for MX_TIM1_Init
    main.o(i.main) refers to stm32f7xx_hal.o(i.HAL_SuspendTick) for HAL_SuspendTick
    main.o(i.main) refers to stm32f7xx_hal_tim.o(i.HAL_TIM_Base_Start) for HAL_TIM_Base_Start
    main.o(i.main) refers to stm32f7xx_hal_sd.o(i.HAL_SD_Init) for HAL_SD_Init
    main.o(i.main) refers to ff.o(i.f_mount) for f_mount
    main.o(i.main) refers to ff.o(i.f_open) for f_open
    main.o(i.main) refers to stm32f7xx_hal_gpio.o(i.HAL_GPIO_WritePin) for HAL_GPIO_WritePin
    main.o(i.main) refers to ff.o(i.f_lseek) for f_lseek
    main.o(i.main) refers to ff.o(i.f_read) for f_read
    main.o(i.main) refers to stm32f7xx_hal_gpio.o(i.HAL_GPIO_TogglePin) for HAL_GPIO_TogglePin
    main.o(i.main) refers to ff.o(i.f_write) for f_write
    main.o(i.main) refers to ff.o(i.f_close) for f_close
    main.o(i.main) refers to main.o(i.delay_us) for delay_us
    main.o(i.main) refers to main.o(.bss) for .bss
    main.o(i.main) refers to fatfs.o(.data) for SDPath
    main.o(i.main) refers to main.o(.data) for .data
    stm32f7xx_it.o(i.EXTI15_10_IRQHandler) refers to stm32f7xx_hal_gpio.o(i.HAL_GPIO_EXTI_IRQHandler) for HAL_GPIO_EXTI_IRQHandler
    stm32f7xx_it.o(i.HAL_GPIO_EXTI_Callback) refers to stm32f7xx_hal_gpio.o(i.HAL_GPIO_ReadPin) for HAL_GPIO_ReadPin
    stm32f7xx_it.o(i.HAL_GPIO_EXTI_Callback) refers to stm32f7xx_hal_gpio.o(i.HAL_GPIO_TogglePin) for HAL_GPIO_TogglePin
    stm32f7xx_it.o(i.HAL_GPIO_EXTI_Callback) refers to main.o(i.delay_us) for delay_us
    stm32f7xx_it.o(i.HAL_GPIO_EXTI_Callback) refers to stm32f7xx_hal_gpio.o(i.HAL_GPIO_WritePin) for HAL_GPIO_WritePin
[...]
    Removing stm32f7xx_hal_tim.o(i.TIM_CCxChannelCmd), (26 bytes).
    Removing stm32f7xx_hal_tim.o(i.TIM_DMACaptureCplt), (62 bytes).
    Removing stm32f7xx_hal_tim.o(i.TIM_DMACaptureHalfCplt), (62 bytes).
    Removing stm32f7xx_hal_tim.o(i.TIM_DMADelayPulseCplt), (62 bytes).
    Removing stm32f7xx_hal_tim.o(i.TIM_DMADelayPulseHalfCplt), (62 bytes).
    Removing stm32f7xx_hal_tim.o(i.TIM_DMAError), (16 bytes).
    Removing stm32f7xx_hal_tim.o(i.TIM_DMAPeriodElapsedCplt), (16 bytes).
    Removing stm32f7xx_hal_tim.o(i.TIM_DMAPeriodElapsedHalfCplt), (16 bytes).
    Removing stm32f7xx_hal_tim.o(i.TIM_DMATriggerCplt), (16 bytes).
    Removing stm32f7xx_hal_tim.o(i.TIM_DMATriggerHalfCplt), (16 bytes).
    Removing stm32f7xx_hal_tim.o(i.TIM_OC1_SetConfig), (116 bytes).
    Removing stm32f7xx_hal_tim.o(i.TIM_OC2_SetConfig), (120 bytes).
    Removing stm32f7xx_hal_tim.o(i.TIM_OC3_SetConfig), (120 bytes).
    Removing stm32f7xx_hal_tim.o(i.TIM_OC4_SetConfig), (88 bytes).
    Removing stm32f7xx_hal_tim.o(i.TIM_OC5_SetConfig), (88 bytes).
    Removing stm32f7xx_hal_tim.o(i.TIM_OC6_SetConfig), (88 bytes).
    Removing stm32f7xx_hal_tim.o(i.TIM_SlaveTimer_SetConfig), (140 bytes).
    Removing stm32f7xx_hal_tim.o(i.TIM_TI1_SetConfig), (128 bytes).
    Removing stm32f7xx_hal_tim.o(i.TIM_TI2_SetConfig), (54 bytes).
    Removing stm32f7xx_hal_tim_ex.o(.rev16_text), (4 bytes).
    Removing stm32f7xx_hal_tim_ex.o(.revsh_text), (4 bytes).
    Removing stm32f7xx_hal_tim_ex.o(.rrx_text), (6 bytes).
    Removing stm32f7xx_hal_tim_ex.o(i.HAL_TIMEx_Break2Callback), (2 bytes).
    Removing stm32f7xx_hal_tim_ex.o(i.HAL_TIMEx_BreakCallback), (2 bytes).
    Removing stm32f7xx_hal_tim_ex.o(i.HAL_TIMEx_CommutCallback), (2 bytes).
    Removing stm32f7xx_hal_tim_ex.o(i.HAL_TIMEx_CommutHalfCpltCallback), (2 bytes).
    Removing stm32f7xx_hal_tim_ex.o(i.HAL_TIMEx_ConfigBreakDeadTime), (160 bytes).
    Removing stm32f7xx_hal_tim_ex.o(i.HAL_TIMEx_ConfigCommutEvent), (112 bytes).
    Removing stm32f7xx_hal_tim_ex.o(i.HAL_TIMEx_ConfigCommutEvent_DMA), (144 bytes).
    Removing stm32f7xx_hal_tim_ex.o(i.HAL_TIMEx_ConfigCommutEvent_IT), (112 bytes).
    Removing stm32f7xx_hal_tim_ex.o(i.HAL_TIMEx_GroupChannel5), (58 bytes).
    Removing stm32f7xx_hal_tim_ex.o(i.HAL_TIMEx_HallSensor_DeInit), (56 bytes).
    Removing stm32f7xx_hal_tim_ex.o(i.HAL_TIMEx_HallSensor_GetState), (6 bytes).
    Removing stm32f7xx_hal_tim_ex.o(i.HAL_TIMEx_HallSensor_Init), (192 bytes).
    Removing stm32f7xx_hal_tim_ex.o(i.HAL_TIMEx_HallSensor_MspDeInit), (2 bytes).
    Removing stm32f7xx_hal_tim_ex.o(i.HAL_TIMEx_HallSensor_MspInit), (2 bytes).
    Removing stm32f7xx_hal_tim_ex.o(i.HAL_TIMEx_HallSensor_Start), (48 bytes).
    Removing stm32f7xx_hal_tim_ex.o(i.HAL_TIMEx_HallSensor_Start_DMA), (140 bytes).
    Removing stm32f7xx_hal_tim_ex.o(i.HAL_TIMEx_HallSensor_Start_IT), (60 bytes).
    Removing stm32f7xx_hal_tim_ex.o(i.HAL_TIMEx_HallSensor_Stop), (46 bytes).
    Removing stm32f7xx_hal_tim_ex.o(i.HAL_TIMEx_HallSensor_Stop_DMA), (62 bytes).
    Removing stm32f7xx_hal_tim_ex.o(i.HAL_TIMEx_HallSensor_Stop_IT), (56 bytes).
    Removing stm32f7xx_hal_tim_ex.o(i.HAL_TIMEx_OCN_Start), (56 bytes).
    Removing stm32f7xx_hal_tim_ex.o(i.HAL_TIMEx_OCN_Start_DMA), (240 bytes).
    Removing stm32f7xx_hal_tim_ex.o(i.HAL_TIMEx_OCN_Start_IT), (104 bytes).
    Removing stm32f7xx_hal_tim_ex.o(i.HAL_TIMEx_OCN_Stop), (66 bytes).
    Removing stm32f7xx_hal_tim_ex.o(i.HAL_TIMEx_OCN_Stop_DMA), (128 bytes).
    Removing stm32f7xx_hal_tim_ex.o(i.HAL_TIMEx_OCN_Stop_IT), (122 bytes).
    Removing stm32f7xx_hal_tim_ex.o(i.HAL_TIMEx_OnePulseN_Start), (26 bytes).
    Removing stm32f7xx_hal_tim_ex.o(i.HAL_TIMEx_OnePulseN_Start_IT), (46 bytes).
    Removing stm32f7xx_hal_tim_ex.o(i.HAL_TIMEx_OnePulseN_Stop), (66 bytes).
    Removing stm32f7xx_hal_tim_ex.o(i.HAL_TIMEx_OnePulseN_Stop_IT), (86 bytes).
    Removing stm32f7xx_hal_tim_ex.o(i.HAL_TIMEx_PWMN_Start), (56 bytes).
    Removing stm32f7xx_hal_tim_ex.o(i.HAL_TIMEx_PWMN_Start_DMA), (240 bytes).
    Removing stm32f7xx_hal_tim_ex.o(i.HAL_TIMEx_PWMN_Start_IT), (104 bytes).
    Removing stm32f7xx_hal_tim_ex.o(i.HAL_TIMEx_PWMN_Stop), (66 bytes).
    Removing stm32f7xx_hal_tim_ex.o(i.HAL_TIMEx_PWMN_Stop_DMA), (128 bytes).
    Removing stm32f7xx_hal_tim_ex.o(i.HAL_TIMEx_PWMN_Stop_IT), (122 bytes).
    Removing stm32f7xx_hal_tim_ex.o(i.HAL_TIMEx_RemapConfig), (34 bytes).
    Removing stm32f7xx_hal_tim_ex.o(i.TIMEx_DMACommutationCplt), (16 bytes).
    Removing stm32f7xx_hal_tim_ex.o(i.TIMEx_DMACommutationHalfCplt), (16 bytes).
    Removing stm32f7xx_hal_tim_ex.o(i.TIM_CCxNChannelCmd), (26 bytes).
    Removing system_stm32f7xx.o(.rev16_text), (4 bytes).
    Removing system_stm32f7xx.o(.revsh_text), (4 bytes).
    Removing system_stm32f7xx.o(.rrx_text), (6 bytes).
    Removing system_stm32f7xx.o(i.SystemCoreClockUpdate), (128 bytes).
    Removing system_stm32f7xx.o(.constdata), (8 bytes).
    Removing diskio.o(.rev16_text), (4 bytes).
    Removing diskio.o(.revsh_text), (4 bytes).
    Removing diskio.o(.rrx_text), (6 bytes).
    Removing diskio.o(i.get_fattime), (4 bytes).
    Removing ff.o(.rev16_text), (4 bytes).
    Removing ff.o(.revsh_text), (4 bytes).
    Removing ff.o(.rrx_text), (6 bytes).
    Removing ff.o(i.dir_read), (96 bytes).
    Removing ff.o(i.dir_remove), (30 bytes).
    Removing ff.o(i.f_closedir), (34 bytes).
    Removing ff.o(i.f_getfree), (212 bytes).
    Removing ff.o(i.f_gets), (72 bytes).
    Removing ff.o(i.f_mkdir), (336 bytes).
    Removing ff.o(i.f_mkfs), (1368 bytes).
    Removing ff.o(i.f_opendir), (130 bytes).
    Removing ff.o(i.f_printf), (464 bytes).
    Removing ff.o(i.f_putc), (30 bytes).
    Removing ff.o(i.f_puts), (38 bytes).
    Removing ff.o(i.f_readdir), (64 bytes).
    Removing ff.o(i.f_rename), (258 bytes).
    Removing ff.o(i.f_stat), (60 bytes).
    Removing ff.o(i.f_truncate), (162 bytes).
    Removing ff.o(i.f_unlink), (158 bytes).
    Removing ff.o(i.get_fileinfo), (98 bytes).
    Removing ff.o(i.putc_bfd), (70 bytes).
    Removing ff.o(i.putc_flush), (42 bytes).
    Removing ff_gen_drv.o(.rev16_text), (4 bytes).
    Removing ff_gen_drv.o(.revsh_text), (4 bytes).
    Removing ff_gen_drv.o(.rrx_text), (6 bytes).
    Removing ff_gen_drv.o(i.FATFS_GetAttachedDriversNbr), (12 bytes).
    Removing ff_gen_drv.o(i.FATFS_UnLinkDriver), (6 bytes).
    Removing ff_gen_drv.o(i.FATFS_UnLinkDriverEx), (52 bytes).
    Removing syscall.o(.rev16_text), (4 bytes).
    Removing syscall.o(.revsh_text), (4 bytes).
    Removing syscall.o(.rrx_text), (6 bytes).

546 unused section(s) (total 43678 bytes) removed from the image.

==============================================================================

Image Symbol Table

    Local Symbols

    Symbol Name                              Value     Ov Type        Size  Object(Section)

    ../Core/Src/main.c                       0x00000000   Number         0  main.o ABSOLUTE
    ../Core/Src/stm32f7xx_hal_msp.c          0x00000000   Number         0  stm32f7xx_hal_msp.o ABSOLUTE
    ../Core/Src/stm32f7xx_it.c               0x00000000   Number         0  stm32f7xx_it.o ABSOLUTE
    ../Core/Src/system_stm32f7xx.c           0x00000000   Number         0  system_stm32f7xx.o ABSOLUTE
    ../Drivers/STM32F7xx_HAL_Driver/Src/stm32f7xx_hal.c 0x00000000   Number         0  stm32f7xx_hal.o ABSOLUTE
    ../Drivers/STM32F7xx_HAL_Driver/Src/stm32f7xx_hal_cortex.c 0x00000000   Number         0  stm32f7xx_hal_cortex.o ABSOLUTE
    ../Drivers/STM32F7xx_HAL_Driver/Src/stm32f7xx_hal_dma.c 0x00000000   Number         0  stm32f7xx_hal_dma.o ABSOLUTE
    ../Drivers/STM32F7xx_HAL_Driver/Src/stm32f7xx_hal_dma_ex.c 0x00000000   Number         0  stm32f7xx_hal_dma_ex.o ABSOLUTE
    ../Drivers/STM32F7xx_HAL_Driver/Src/stm32f7xx_hal_exti.c 0x00000000   Number         0  stm32f7xx_hal_exti.o ABSOLUTE
    ../Drivers/STM32F7xx_HAL_Driver/Src/stm32f7xx_hal_flash.c 0x00000000   Number         0  stm32f7xx_hal_flash.o ABSOLUTE
    ../Drivers/STM32F7xx_HAL_Driver/Src/stm32f7xx_hal_flash_ex.c 0x00000000   Number         0  stm32f7xx_hal_flash_ex.o ABSOLUTE
    ../Drivers/STM32F7xx_HAL_Driver/Src/stm32f7xx_hal_gpio.c 0x00000000   Number         0  stm32f7xx_hal_gpio.o ABSOLUTE
    ../Drivers/STM32F7xx_HAL_Driver/Src/stm32f7xx_hal_i2c.c 0x00000000   Number         0  stm32f7xx_hal_i2c.o ABSOLUTE
    ../Drivers/STM32F7xx_HAL_Driver/Src/stm32f7xx_hal_i2c_ex.c 0x00000000   Number         0  stm32f7xx_hal_i2c_ex.o ABSOLUTE
    ../Drivers/STM32F7xx_HAL_Driver/Src/stm32f7xx_hal_pwr.c 0x00000000   Number         0  stm32f7xx_hal_pwr.o ABSOLUTE
    ../Drivers/STM32F7xx_HAL_Driver/Src/stm32f7xx_hal_pwr_ex.c 0x00000000   Number         0  stm32f7xx_hal_pwr_ex.o ABSOLUTE
    ../Drivers/STM32F7xx_HAL_Driver/Src/stm32f7xx_hal_rcc.c 0x00000000   Number         0  stm32f7xx_hal_rcc.o ABSOLUTE
    ../Drivers/STM32F7xx_HAL_Driver/Src/stm32f7xx_hal_rcc_ex.c 0x00000000   Number         0  stm32f7xx_hal_rcc_ex.o ABSOLUTE
    ../Drivers/STM32F7xx_HAL_Driver/Src/stm32f7xx_hal_sd.c 0x00000000   Number         0  stm32f7xx_hal_sd.o ABSOLUTE
    ../Drivers/STM32F7xx_HAL_Driver/Src/stm32f7xx_hal_tim.c 0x00000000   Number         0  stm32f7xx_hal_tim.o ABSOLUTE
    ../Drivers/STM32F7xx_HAL_Driver/Src/stm32f7xx_hal_tim_ex.c 0x00000000   Number         0  stm32f7xx_hal_tim_ex.o ABSOLUTE
    ../Drivers/STM32F7xx_HAL_Driver/Src/stm32f7xx_ll_sdmmc.c 0x00000000   Number         0  stm32f7xx_ll_sdmmc.o ABSOLUTE
    ../FATFS/App/fatfs.c                     0x00000000   Number         0  fatfs.o ABSOLUTE
    ../FATFS/Target/bsp_driver_sd.c          0x00000000   Number         0  bsp_driver_sd.o ABSOLUTE
    ../FATFS/Target/fatfs_platform.c         0x00000000   Number         0  fatfs_platform.o ABSOLUTE
    ../FATFS/Target/sd_diskio.c              0x00000000   Number         0  sd_diskio.o ABSOLUTE
    ../Middlewares/Third_Party/FatFs/src/diskio.c 0x00000000   Number         0  diskio.o ABSOLUTE
    ../Middlewares/Third_Party/FatFs/src/ff.c 0x00000000   Number         0  ff.o ABSOLUTE
    ../Middlewares/Third_Party/FatFs/src/ff_gen_drv.c 0x00000000   Number         0  ff_gen_drv.o ABSOLUTE
    ../Middlewares/Third_Party/FatFs/src/option/syscall.c 0x00000000   Number         0  syscall.o ABSOLUTE
    ../clib/../cmprslib/zerorunl2.c          0x00000000   Number         0  __dczerorl2.o ABSOLUTE
    ../clib/microlib/division.c              0x00000000   Number         0  uldiv.o ABSOLUTE
    ../clib/microlib/init/entry.s            0x00000000   Number         0  entry10a.o ABSOLUTE
    ../clib/microlib/init/entry.s            0x00000000   Number         0  entry9b.o ABSOLUTE
    ../clib/microlib/init/entry.s            0x00000000   Number         0  entry9a.o ABSOLUTE
    ../clib/microlib/init/entry.s            0x00000000   Number         0  entry8b.o ABSOLUTE
    ../clib/microlib/init/entry.s            0x00000000   Number         0  entry8a.o ABSOLUTE
    ../clib/microlib/init/entry.s            0x00000000   Number         0  entry.o ABSOLUTE
    ../clib/microlib/init/entry.s            0x00000000   Number         0  entry7b.o ABSOLUTE
    ../clib/microlib/init/entry.s            0x00000000   Number         0  entry7a.o ABSOLUTE
    ../clib/microlib/init/entry.s            0x00000000   Number         0  entry5.o ABSOLUTE
    ../clib/microlib/init/entry.s            0x00000000   Number         0  entry2.o ABSOLUTE
    ../clib/microlib/init/entry.s            0x00000000   Number         0  entry11b.o ABSOLUTE
    ../clib/microlib/init/entry.s            0x00000000   Number         0  entry10b.o ABSOLUTE
    ../clib/microlib/init/entry.s            0x00000000   Number         0  entry11a.o ABSOLUTE
    ../clib/microlib/longlong.c              0x00000000   Number         0  llshl.o ABSOLUTE
    ../clib/microlib/longlong.c              0x00000000   Number         0  llushr.o ABSOLUTE
    ../clib/microlib/string/memset.c         0x00000000   Number         0  memseta.o ABSOLUTE
    ..\Core\Src\main.c                       0x00000000   Number         0  main.o ABSOLUTE
    ..\Core\Src\stm32f7xx_hal_msp.c          0x00000000   Number         0  stm32f7xx_hal_msp.o ABSOLUTE
    ..\Core\Src\stm32f7xx_it.c               0x00000000   Number         0  stm32f7xx_it.o ABSOLUTE
    ..\Core\Src\system_stm32f7xx.c           0x00000000   Number         0  system_stm32f7xx.o ABSOLUTE
    ..\Drivers\STM32F7xx_HAL_Driver\Src\stm32f7xx_hal.c 0x00000000   Number         0  stm32f7xx_hal.o ABSOLUTE
    ..\Drivers\STM32F7xx_HAL_Driver\Src\stm32f7xx_hal_cortex.c 0x00000000   Number         0  stm32f7xx_hal_cortex.o ABSOLUTE
    ..\Drivers\STM32F7xx_HAL_Driver\Src\stm32f7xx_hal_dma.c 0x00000000   Number         0  stm32f7xx_hal_dma.o ABSOLUTE
    ..\Drivers\STM32F7xx_HAL_Driver\Src\stm32f7xx_hal_dma_ex.c 0x00000000   Number         0  stm32f7xx_hal_dma_ex.o ABSOLUTE
    ..\Drivers\STM32F7xx_HAL_Driver\Src\stm32f7xx_hal_exti.c 0x00000000   Number         0  stm32f7xx_hal_exti.o ABSOLUTE
    ..\Drivers\STM32F7xx_HAL_Driver\Src\stm32f7xx_hal_flash.c 0x00000000   Number         0  stm32f7xx_hal_flash.o ABSOLUTE
    ..\Drivers\STM32F7xx_HAL_Driver\Src\stm32f7xx_hal_flash_ex.c 0x00000000   Number         0  stm32f7xx_hal_flash_ex.o ABSOLUTE
    ..\Drivers\STM32F7xx_HAL_Driver\Src\stm32f7xx_hal_gpio.c 0x00000000   Number         0  stm32f7xx_hal_gpio.o ABSOLUTE
    ..\Drivers\STM32F7xx_HAL_Driver\Src\stm32f7xx_hal_i2c.c 0x00000000   Number         0  stm32f7xx_hal_i2c.o ABSOLUTE
    ..\Drivers\STM32F7xx_HAL_Driver\Src\stm32f7xx_hal_i2c_ex.c 0x00000000   Number         0  stm32f7xx_hal_i2c_ex.o ABSOLUTE
    ..\Drivers\STM32F7xx_HAL_Driver\Src\stm32f7xx_hal_pwr.c 0x00000000   Number         0  stm32f7xx_hal_pwr.o ABSOLUTE
    ..\Drivers\STM32F7xx_HAL_Driver\Src\stm32f7xx_hal_pwr_ex.c 0x00000000   Number         0  stm32f7xx_hal_pwr_ex.o ABSOLUTE
    ..\Drivers\STM32F7xx_HAL_Driver\Src\stm32f7xx_hal_rcc.c 0x00000000   Number         0  stm32f7xx_hal_rcc.o ABSOLUTE
    ..\Drivers\STM32F7xx_HAL_Driver\Src\stm32f7xx_hal_rcc_ex.c 0x00000000   Number         0  stm32f7xx_hal_rcc_ex.o ABSOLUTE
    ..\Drivers\STM32F7xx_HAL_Driver\Src\stm32f7xx_hal_sd.c 0x00000000   Number         0  stm32f7xx_hal_sd.o ABSOLUTE
    ..\Drivers\STM32F7xx_HAL_Driver\Src\stm32f7xx_hal_tim.c 0x00000000   Number         0  stm32f7xx_hal_tim.o ABSOLUTE
    ..\Drivers\STM32F7xx_HAL_Driver\Src\stm32f7xx_hal_tim_ex.c 0x00000000   Number         0  stm32f7xx_hal_tim_ex.o ABSOLUTE
    ..\Drivers\STM32F7xx_HAL_Driver\Src\stm32f7xx_ll_sdmmc.c 0x00000000   Number         0  stm32f7xx_ll_sdmmc.o ABSOLUTE
    ..\FATFS\App\fatfs.c                     0x00000000   Number         0  fatfs.o ABSOLUTE
    ..\FATFS\Target\bsp_driver_sd.c          0x00000000   Number         0  bsp_driver_sd.o ABSOLUTE
    ..\FATFS\Target\fatfs_platform.c         0x00000000   Number         0  fatfs_platform.o ABSOLUTE
    ..\FATFS\Target\sd_diskio.c              0x00000000   Number         0  sd_diskio.o ABSOLUTE
    ..\Middlewares\Third_Party\FatFs\src\diskio.c 0x00000000   Number         0  diskio.o ABSOLUTE
    ..\Middlewares\Third_Party\FatFs\src\ff.c 0x00000000   Number         0  ff.o ABSOLUTE
    ..\Middlewares\Third_Party\FatFs\src\ff_gen_drv.c 0x00000000   Number         0  ff_gen_drv.o ABSOLUTE
    ..\Middlewares\Third_Party\FatFs\src\option\syscall.c 0x00000000   Number         0  syscall.o ABSOLUTE
    dc.s                                     0x00000000   Number         0  dc.o ABSOLUTE
    handlers.s                               0x00000000   Number         0  handlers.o ABSOLUTE
    init.s                                   0x00000000   Number         0  init.o ABSOLUTE
    startup_stm32f746xx.s                    0x00000000   Number         0  startup_stm32f746xx.o ABSOLUTE
    RESET                                    0x08000000   Section      456  startup_stm32f746xx.o(RESET)
    .ARM.Collect$$$$00000000                 0x080001c8   Section        0  entry.o(.ARM.Collect$$$$00000000)
    .ARM.Collect$$$$00000001                 0x080001c8   Section        4  entry2.o(.ARM.Collect$$$$00000001)
    .ARM.Collect$$$$00000004                 0x080001cc   Section        4  entry5.o(.ARM.Collect$$$$00000004)
    .ARM.Collect$$$$00000008                 0x080001d0   Section        0  entry7b.o(.ARM.Collect$$$$00000008)
    .ARM.Collect$$$$0000000A                 0x080001d0   Section        0  entry8b.o(.ARM.Collect$$$$0000000A)
    .ARM.Collect$$$$0000000B                 0x080001d0   Section        8  entry9a.o(.ARM.Collect$$$$0000000B)
    .ARM.Collect$$$$0000000D                 0x080001d8   Section        0  entry10a.o(.ARM.Collect$$$$0000000D)
    .ARM.Collect$$$$0000000F                 0x080001d8   Section        0  entry11a.o(.ARM.Collect$$$$0000000F)
    .ARM.Collect$$$$00002712                 0x080001d8   Section        4  entry2.o(.ARM.Collect$$$$00002712)
    __lit__00000000                          0x080001d8   Data           4  entry2.o(.ARM.Collect$$$$00002712)
    .text                                    0x080001dc   Section       36  startup_stm32f746xx.o(.text)
    $v0                                      0x080001dc   Number         0  startup_stm32f746xx.o(.text)
    .text                                    0x08000200   Section        0  uldiv.o(.text)
    .text                                    0x08000262   Section        0  memseta.o(.text)
    .text                                    0x08000286   Section        0  llshl.o(.text)
    .text                                    0x080002a4   Section        0  llushr.o(.text)
    .text                                    0x080002c4   Section       36  init.o(.text)
    .text                                    0x080002e8   Section        0  __dczerorl2.o(.text)
    i.BSP_PlatformIsDetected                 0x08000340   Section        0  fatfs_platform.o(i.BSP_PlatformIsDetected)
    i.BSP_SD_GetCardInfo                     0x08000358   Section        0  bsp_driver_sd.o(i.BSP_SD_GetCardInfo)
    i.BSP_SD_GetCardState                    0x08000364   Section        0  bsp_driver_sd.o(i.BSP_SD_GetCardState)
    i.BSP_SD_Init                            0x0800037c   Section        0  bsp_driver_sd.o(i.BSP_SD_Init)
    i.BSP_SD_IsDetected                      0x08000398   Section        0  bsp_driver_sd.o(i.BSP_SD_IsDetected)
    i.BSP_SD_ReadBlocks                      0x080003b4   Section        0  bsp_driver_sd.o(i.BSP_SD_ReadBlocks)
    i.BSP_SD_WriteBlocks                     0x080003d4   Section        0  bsp_driver_sd.o(i.BSP_SD_WriteBlocks)
    i.BusFault_Handler                       0x080003f4   Section        0  stm32f7xx_it.o(i.BusFault_Handler)
    i.DebugMon_Handler                       0x080003f6   Section        0  stm32f7xx_it.o(i.DebugMon_Handler)
    i.EXTI15_10_IRQHandler                   0x080003f8   Section        0  stm32f7xx_it.o(i.EXTI15_10_IRQHandler)
    i.FATFS_LinkDriver                       0x08000400   Section        0  ff_gen_drv.o(i.FATFS_LinkDriver)
    i.FATFS_LinkDriverEx                     0x08000408   Section        0  ff_gen_drv.o(i.FATFS_LinkDriverEx)
    i.HAL_GPIO_EXTI_Callback                 0x08000448   Section        0  stm32f7xx_it.o(i.HAL_GPIO_EXTI_Callback)
    i.HAL_GPIO_EXTI_IRQHandler               0x080004a8   Section        0  stm32f7xx_hal_gpio.o(i.HAL_GPIO_EXTI_IRQHandler)
    i.HAL_GPIO_Init                          0x080004c0   Section        0  stm32f7xx_hal_gpio.o(i.HAL_GPIO_Init)
    i.HAL_GPIO_ReadPin                       0x08000698   Section        0  stm32f7xx_hal_gpio.o(i.HAL_GPIO_ReadPin)
    i.HAL_GPIO_TogglePin                     0x080006a2   Section        0  stm32f7xx_hal_gpio.o(i.HAL_GPIO_TogglePin)
    i.HAL_GPIO_WritePin                      0x080006ae   Section        0  stm32f7xx_hal_gpio.o(i.HAL_GPIO_WritePin)
    i.HAL_GetTick                            0x080006b8   Section        0  stm32f7xx_hal.o(i.HAL_GetTick)
    i.HAL_IncTick                            0x080006c4   Section        0  stm32f7xx_hal.o(i.HAL_IncTick)
    i.HAL_Init                               0x080006d4   Section        0  stm32f7xx_hal.o(i.HAL_Init)
    i.HAL_InitTick                           0x080006ec   Section        0  stm32f7xx_hal.o(i.HAL_InitTick)
    i.HAL_MspInit                            0x0800072c   Section        0  stm32f7xx_hal_msp.o(i.HAL_MspInit)
    i.HAL_NVIC_EnableIRQ                     0x0800075c   Section        0  stm32f7xx_hal_cortex.o(i.HAL_NVIC_EnableIRQ)
    i.HAL_NVIC_SetPriority                   0x08000778   Section        0  stm32f7xx_hal_cortex.o(i.HAL_NVIC_SetPriority)
    i.HAL_NVIC_SetPriorityGrouping           0x080007b8   Section        0  stm32f7xx_hal_cortex.o(i.HAL_NVIC_SetPriorityGrouping)
    i.HAL_PWREx_EnableOverDrive              0x080007dc   Section        0  stm32f7xx_hal_pwr_ex.o(i.HAL_PWREx_EnableOverDrive)
    i.HAL_RCCEx_PeriphCLKConfig              0x08000848   Section        0  stm32f7xx_hal_rcc_ex.o(i.HAL_RCCEx_PeriphCLKConfig)
    i.HAL_RCC_ClockConfig                    0x08000d44   Section        0  stm32f7xx_hal_rcc.o(i.HAL_RCC_ClockConfig)
    i.HAL_RCC_GetSysClockFreq                0x08000e74   Section        0  stm32f7xx_hal_rcc.o(i.HAL_RCC_GetSysClockFreq)
    i.HAL_RCC_OscConfig                      0x08000ed4   Section        0  stm32f7xx_hal_rcc.o(i.HAL_RCC_OscConfig)
    i.HAL_SD_GetCardCSD                      0x08001258   Section        0  stm32f7xx_hal_sd.o(i.HAL_SD_GetCardCSD)
    i.HAL_SD_GetCardInfo                     0x08001414   Section        0  stm32f7xx_hal_sd.o(i.HAL_SD_GetCardInfo)
    i.HAL_SD_GetCardState                    0x08001438   Section        0  stm32f7xx_hal_sd.o(i.HAL_SD_GetCardState)
    i.HAL_SD_Init                            0x08001464   Section        0  stm32f7xx_hal_sd.o(i.HAL_SD_Init)
    i.HAL_SD_InitCard                        0x0800149a   Section        0  stm32f7xx_hal_sd.o(i.HAL_SD_InitCard)
    i.HAL_SD_MspInit                         0x080014f4   Section        0  stm32f7xx_hal_msp.o(i.HAL_SD_MspInit)
    i.HAL_SD_ReadBlocks                      0x0800157c   Section        0  stm32f7xx_hal_sd.o(i.HAL_SD_ReadBlocks)
    i.HAL_SD_WriteBlocks                     0x08001788   Section        0  stm32f7xx_hal_sd.o(i.HAL_SD_WriteBlocks)
    i.HAL_SYSTICK_Config                     0x0800196c   Section        0  stm32f7xx_hal_cortex.o(i.HAL_SYSTICK_Config)
    i.HAL_SuspendTick                        0x08001992   Section        0  stm32f7xx_hal.o(i.HAL_SuspendTick)
    i.HAL_TIMEx_MasterConfigSynchronization  0x080019a0   Section        0  stm32f7xx_hal_tim_ex.o(i.HAL_TIMEx_MasterConfigSynchronization)
    i.HAL_TIM_Base_Init                      0x08001a44   Section        0  stm32f7xx_hal_tim.o(i.HAL_TIM_Base_Init)
    i.HAL_TIM_Base_MspInit                   0x08001a7c   Section        0  stm32f7xx_hal_msp.o(i.HAL_TIM_Base_MspInit)
    i.HAL_TIM_Base_Start                     0x08001aa4   Section        0  stm32f7xx_hal_tim.o(i.HAL_TIM_Base_Start)
    i.HAL_TIM_ConfigClockSource              0x08001ad4   Section        0  stm32f7xx_hal_tim.o(i.HAL_TIM_ConfigClockSource)
    i.HardFault_Handler                      0x08001bb0   Section        0  stm32f7xx_it.o(i.HardFault_Handler)
    i.MX_FATFS_Init                          0x08001bb4   Section        0  fatfs.o(i.MX_FATFS_Init)
    i.MX_GPIO_Init                           0x08001bd0   Section        0  main.o(i.MX_GPIO_Init)
    MX_GPIO_Init                             0x08001bd1   Thumb Code   220  main.o(i.MX_GPIO_Init)
    i.MX_TIM1_Init                           0x08001cc0   Section        0  main.o(i.MX_TIM1_Init)
    MX_TIM1_Init                             0x08001cc1   Thumb Code    78  main.o(i.MX_TIM1_Init)
    i.MemManage_Handler                      0x08001d18   Section        0  stm32f7xx_it.o(i.MemManage_Handler)
    i.NMI_Handler                            0x08001d1a   Section        0  stm32f7xx_it.o(i.NMI_Handler)
    i.PendSV_Handler                         0x08001d1c   Section        0  stm32f7xx_it.o(i.PendSV_Handler)
    i.SDMMC_CmdAppCommand                    0x08001d1e   Section        0  stm32f7xx_ll_sdmmc.o(i.SDMMC_CmdAppCommand)
    i.SDMMC_CmdAppOperCommand                0x08001d50   Section        0  stm32f7xx_ll_sdmmc.o(i.SDMMC_CmdAppOperCommand)
    i.SDMMC_CmdBlockLength                   0x08001d84   Section        0  stm32f7xx_ll_sdmmc.o(i.SDMMC_CmdBlockLength)
    i.SDMMC_CmdGoIdleState                   0x08001db8   Section        0  stm32f7xx_ll_sdmmc.o(i.SDMMC_CmdGoIdleState)
    i.SDMMC_CmdOperCond                      0x08001e08   Section        0  stm32f7xx_ll_sdmmc.o(i.SDMMC_CmdOperCond)
    i.SDMMC_CmdReadMultiBlock                0x08001e78   Section        0  stm32f7xx_ll_sdmmc.o(i.SDMMC_CmdReadMultiBlock)
    i.SDMMC_CmdReadSingleBlock               0x08001eaa   Section        0  stm32f7xx_ll_sdmmc.o(i.SDMMC_CmdReadSingleBlock)
    i.SDMMC_CmdSelDesel                      0x08001edc   Section        0  stm32f7xx_ll_sdmmc.o(i.SDMMC_CmdSelDesel)
    i.SDMMC_CmdSendCID                       0x08001f0c   Section        0  stm32f7xx_ll_sdmmc.o(i.SDMMC_CmdSendCID)
    i.SDMMC_CmdSendCSD                       0x08001f36   Section        0  stm32f7xx_ll_sdmmc.o(i.SDMMC_CmdSendCSD)
    i.SDMMC_CmdSendStatus                    0x08001f64   Section        0  stm32f7xx_ll_sdmmc.o(i.SDMMC_CmdSendStatus)
    i.SDMMC_CmdSetRelAdd                     0x08001f96   Section        0  stm32f7xx_ll_sdmmc.o(i.SDMMC_CmdSetRelAdd)
    i.SDMMC_CmdStopTransfer                  0x08001fc8   Section        0  stm32f7xx_ll_sdmmc.o(i.SDMMC_CmdStopTransfer)
    i.SDMMC_CmdWriteMultiBlock               0x08001ffc   Section        0  stm32f7xx_ll_sdmmc.o(i.SDMMC_CmdWriteMultiBlock)
    i.SDMMC_CmdWriteSingleBlock              0x0800202e   Section        0  stm32f7xx_ll_sdmmc.o(i.SDMMC_CmdWriteSingleBlock)
    i.SDMMC_ConfigData                       0x08002060   Section        0  stm32f7xx_ll_sdmmc.o(i.SDMMC_ConfigData)
    i.SDMMC_GetCmdResp1                      0x08002088   Section        0  stm32f7xx_ll_sdmmc.o(i.SDMMC_GetCmdResp1)
    SDMMC_GetCmdResp1                        0x08002089   Thumb Code   278  stm32f7xx_ll_sdmmc.o(i.SDMMC_GetCmdResp1)
    i.SDMMC_GetCmdResp2                      0x080021a8   Section        0  stm32f7xx_ll_sdmmc.o(i.SDMMC_GetCmdResp2)
    SDMMC_GetCmdResp2                        0x080021a9   Thumb Code    76  stm32f7xx_ll_sdmmc.o(i.SDMMC_GetCmdResp2)
    i.SDMMC_GetCmdResp3                      0x080021f8   Section        0  stm32f7xx_ll_sdmmc.o(i.SDMMC_GetCmdResp3)
    SDMMC_GetCmdResp3                        0x080021f9   Thumb Code    62  stm32f7xx_ll_sdmmc.o(i.SDMMC_GetCmdResp3)
    i.SDMMC_GetCmdResp6                      0x0800223c   Section        0  stm32f7xx_ll_sdmmc.o(i.SDMMC_GetCmdResp6)
    SDMMC_GetCmdResp6                        0x0800223d   Thumb Code   130  stm32f7xx_ll_sdmmc.o(i.SDMMC_GetCmdResp6)
    i.SDMMC_GetPowerState                    0x080022c4   Section        0  stm32f7xx_ll_sdmmc.o(i.SDMMC_GetPowerState)
    i.SDMMC_GetResponse                      0x080022cc   Section        0  stm32f7xx_ll_sdmmc.o(i.SDMMC_GetResponse)
    i.SDMMC_Init                             0x080022d2   Section        0  stm32f7xx_ll_sdmmc.o(i.SDMMC_Init)
    i.SDMMC_PowerState_ON                    0x080022f4   Section        0  stm32f7xx_ll_sdmmc.o(i.SDMMC_PowerState_ON)
    i.SDMMC_ReadFIFO                         0x08002314   Section        0  stm32f7xx_ll_sdmmc.o(i.SDMMC_ReadFIFO)
    i.SDMMC_SendCommand                      0x0800231a   Section        0  stm32f7xx_ll_sdmmc.o(i.SDMMC_SendCommand)
    i.SDMMC_WriteFIFO                        0x0800233c   Section        0  stm32f7xx_ll_sdmmc.o(i.SDMMC_WriteFIFO)
    i.SD_CheckStatus                         0x08002348   Section        0  sd_diskio.o(i.SD_CheckStatus)
    SD_CheckStatus                           0x08002349   Thumb Code    26  sd_diskio.o(i.SD_CheckStatus)
    i.SD_InitCard                            0x08002368   Section        0  stm32f7xx_hal_sd.o(i.SD_InitCard)
    SD_InitCard                              0x08002369   Thumb Code   238  stm32f7xx_hal_sd.o(i.SD_InitCard)
    i.SD_PowerON                             0x08002458   Section        0  stm32f7xx_hal_sd.o(i.SD_PowerON)
    SD_PowerON                               0x08002459   Thumb Code   174  stm32f7xx_hal_sd.o(i.SD_PowerON)
    i.SD_initialize                          0x0800250c   Section        0  sd_diskio.o(i.SD_initialize)
    i.SD_ioctl                               0x0800252c   Section        0  sd_diskio.o(i.SD_ioctl)
    i.SD_read                                0x08002584   Section        0  sd_diskio.o(i.SD_read)
    i.SD_status                              0x080025aa   Section        0  sd_diskio.o(i.SD_status)
    i.SD_write                               0x080025b0   Section        0  sd_diskio.o(i.SD_write)
    i.SVC_Handler                            0x080025d6   Section        0  stm32f7xx_it.o(i.SVC_Handler)
    i.SysTick_Handler                        0x080025d8   Section        0  stm32f7xx_it.o(i.SysTick_Handler)
    i.SystemClock_Config                     0x080025dc   Section        0  main.o(i.SystemClock_Config)
    i.SystemInit                             0x0800267c   Section        0  system_stm32f7xx.o(i.SystemInit)
    i.TIM_Base_SetConfig                     0x08002698   Section        0  stm32f7xx_hal_tim.o(i.TIM_Base_SetConfig)
    i.TIM_ETR_SetConfig                      0x08002764   Section        0  stm32f7xx_hal_tim.o(i.TIM_ETR_SetConfig)
    i.TIM_ITRx_SetConfig                     0x08002776   Section        0  stm32f7xx_hal_tim.o(i.TIM_ITRx_SetConfig)
    TIM_ITRx_SetConfig                       0x08002777   Thumb Code    16  stm32f7xx_hal_tim.o(i.TIM_ITRx_SetConfig)
    i.TIM_TI1_ConfigInputStage               0x08002786   Section        0  stm32f7xx_hal_tim.o(i.TIM_TI1_ConfigInputStage)
    TIM_TI1_ConfigInputStage                 0x08002787   Thumb Code    34  stm32f7xx_hal_tim.o(i.TIM_TI1_ConfigInputStage)
    i.TIM_TI2_ConfigInputStage               0x080027a8   Section        0  stm32f7xx_hal_tim.o(i.TIM_TI2_ConfigInputStage)
    TIM_TI2_ConfigInputStage                 0x080027a9   Thumb Code    36  stm32f7xx_hal_tim.o(i.TIM_TI2_ConfigInputStage)
    i.UsageFault_Handler                     0x080027cc   Section        0  stm32f7xx_it.o(i.UsageFault_Handler)
    i.__NVIC_SetPriority                     0x080027ce   Section        0  stm32f7xx_hal_cortex.o(i.__NVIC_SetPriority)
    __NVIC_SetPriority                       0x080027cf   Thumb Code    34  stm32f7xx_hal_cortex.o(i.__NVIC_SetPriority)
    i.__scatterload_copy                     0x080027f0   Section       14  handlers.o(i.__scatterload_copy)
    i.__scatterload_null                     0x080027fe   Section        2  handlers.o(i.__scatterload_null)
    i.__scatterload_zeroinit                 0x08002800   Section       14  handlers.o(i.__scatterload_zeroinit)
    i.check_fs                               0x08002810   Section        0  ff.o(i.check_fs)
    check_fs                                 0x08002811   Thumb Code   102  ff.o(i.check_fs)
    i.chk_lock                               0x08002880   Section        0  ff.o(i.chk_lock)
    chk_lock                                 0x08002881   Thumb Code    86  ff.o(i.chk_lock)
    i.clear_lock                             0x080028dc   Section        0  ff.o(i.clear_lock)
    clear_lock                               0x080028dd   Thumb Code    28  ff.o(i.clear_lock)
    i.clmt_clust                             0x080028fc   Section        0  ff.o(i.clmt_clust)
    clmt_clust                               0x080028fd   Thumb Code    36  ff.o(i.clmt_clust)
    i.clust2sect                             0x08002920   Section        0  ff.o(i.clust2sect)
    clust2sect                               0x08002921   Thumb Code    24  ff.o(i.clust2sect)
    i.create_chain                           0x08002938   Section        0  ff.o(i.create_chain)
    create_chain                             0x08002939   Thumb Code   166  ff.o(i.create_chain)
    i.create_name                            0x080029e0   Section        0  ff.o(i.create_name)
    create_name                              0x080029e1   Thumb Code   168  ff.o(i.create_name)
    i.dec_lock                               0x08002a9c   Section        0  ff.o(i.dec_lock)
    dec_lock                                 0x08002a9d   Thumb Code    48  ff.o(i.dec_lock)
    i.delay_us                               0x08002ad0   Section        0  main.o(i.delay_us)
    i.dir_find                               0x08002ae8   Section        0  ff.o(i.dir_find)
    dir_find                                 0x08002ae9   Thumb Code   102  ff.o(i.dir_find)
    i.dir_next                               0x08002b50   Section        0  ff.o(i.dir_next)
    dir_next                                 0x08002b51   Thumb Code   244  ff.o(i.dir_next)
    i.dir_register                           0x08002c44   Section        0  ff.o(i.dir_register)
    dir_register                             0x08002c45   Thumb Code   102  ff.o(i.dir_register)
    i.dir_sdi                                0x08002caa   Section        0  ff.o(i.dir_sdi)
    dir_sdi                                  0x08002cab   Thumb Code   130  ff.o(i.dir_sdi)
    i.disk_initialize                        0x08002d2c   Section        0  diskio.o(i.disk_initialize)
    i.disk_ioctl                             0x08002d54   Section        0  diskio.o(i.disk_ioctl)
    i.disk_read                              0x08002d6c   Section        0  diskio.o(i.disk_read)
    i.disk_status                            0x08002d88   Section        0  diskio.o(i.disk_status)
    i.disk_write                             0x08002d9c   Section        0  diskio.o(i.disk_write)
    i.f_close                                0x08002db8   Section        0  ff.o(i.f_close)
    i.f_lseek                                0x08002de0   Section        0  ff.o(i.f_lseek)
    i.f_mount                                0x08002ffc   Section        0  ff.o(i.f_mount)
    i.f_open                                 0x08003054   Section        0  ff.o(i.f_open)
    i.f_read                                 0x08003264   Section        0  ff.o(i.f_read)
    i.f_sync                                 0x080033b8   Section        0  ff.o(i.f_sync)
    i.f_write                                0x08003446   Section        0  ff.o(i.f_write)
    i.find_volume                            0x080035d4   Section        0  ff.o(i.find_volume)
    find_volume                              0x080035d5   Thumb Code   586  ff.o(i.find_volume)
    i.follow_path                            0x0800382c   Section        0  ff.o(i.follow_path)
    follow_path                              0x0800382d   Thumb Code   116  ff.o(i.follow_path)
    i.get_fat                                0x080038a0   Section        0  ff.o(i.get_fat)
    get_fat                                  0x080038a1   Thumb Code   190  ff.o(i.get_fat)
    i.get_fattime                            0x0800395e   Section        0  fatfs.o(i.get_fattime)
    i.get_ldnumber                           0x08003962   Section        0  ff.o(i.get_ldnumber)
    get_ldnumber                             0x08003963   Thumb Code    60  ff.o(i.get_ldnumber)
    i.inc_lock                               0x080039a0   Section        0  ff.o(i.inc_lock)
    inc_lock                                 0x080039a1   Thumb Code   124  ff.o(i.inc_lock)
    i.ld_clust                               0x08003a20   Section        0  ff.o(i.ld_clust)
    ld_clust                                 0x08003a21   Thumb Code    38  ff.o(i.ld_clust)
    i.ld_dword                               0x08003a46   Section        0  ff.o(i.ld_dword)
    ld_dword                                 0x08003a47   Thumb Code    22  ff.o(i.ld_dword)
    i.ld_word                                0x08003a5c   Section        0  ff.o(i.ld_word)
    ld_word                                  0x08003a5d   Thumb Code    10  ff.o(i.ld_word)
    i.main                                   0x08003a68   Section        0  main.o(i.main)
    i.mem_cpy                                0x08003f54   Section        0  ff.o(i.mem_cpy)
    mem_cpy                                  0x08003f55   Thumb Code    18  ff.o(i.mem_cpy)
    i.mem_set                                0x08003f68   Section        0  ff.o(i.mem_set)
    mem_set                                  0x08003f69   Thumb Code    14  ff.o(i.mem_set)
    i.move_window                            0x08003f76   Section        0  ff.o(i.move_window)
    move_window                              0x08003f77   Thumb Code    50  ff.o(i.move_window)
    i.put_fat                                0x08003fa8   Section        0  ff.o(i.put_fat)
    put_fat                                  0x08003fa9   Thumb Code   240  ff.o(i.put_fat)
    i.remove_chain                           0x08004098   Section        0  ff.o(i.remove_chain)
    remove_chain                             0x08004099   Thumb Code   116  ff.o(i.remove_chain)
    i.st_clust                               0x0800410c   Section        0  ff.o(i.st_clust)
    st_clust                                 0x0800410d   Thumb Code    40  ff.o(i.st_clust)
    i.st_dword                               0x08004134   Section        0  ff.o(i.st_dword)
    st_dword                                 0x08004135   Thumb Code    16  ff.o(i.st_dword)
    i.st_word                                0x08004144   Section        0  ff.o(i.st_word)
    st_word                                  0x08004145   Thumb Code     8  ff.o(i.st_word)
    i.sync_fs                                0x0800414c   Section        0  ff.o(i.sync_fs)
    sync_fs                                  0x0800414d   Thumb Code   126  ff.o(i.sync_fs)
    i.sync_window                            0x080041d4   Section        0  ff.o(i.sync_window)
    sync_window                              0x080041d5   Thumb Code    82  ff.o(i.sync_window)
    i.validate                               0x08004226   Section        0  ff.o(i.validate)
    validate                                 0x08004227   Thumb Code    52  ff.o(i.validate)
    .constdata                               0x0800425c   Section       20  sd_diskio.o(.constdata)
    .constdata                               0x08004270   Section       16  system_stm32f7xx.o(.constdata)
    .constdata                               0x08004280   Section      156  ff.o(.constdata)
    ExCvt                                    0x08004280   Data         128  ff.o(.constdata)
    cst                                      0x08004300   Data          14  ff.o(.constdata)
    cst32                                    0x0800430e   Data          14  ff.o(.constdata)
    .data                                    0x20000000   Section    150040  main.o(.data)
    .data                                    0x20024a18   Section        4  stm32f7xx_it.o(.data)
    .data                                    0x20024a1c   Section        1  sd_diskio.o(.data)
    Stat                                     0x20024a1c   Data           1  sd_diskio.o(.data)
    .data                                    0x20024a1d   Section        5  fatfs.o(.data)
    .data                                    0x20024a24   Section       12  stm32f7xx_hal.o(.data)
    .data                                    0x20024a30   Section        4  system_stm32f7xx.o(.data)
    .data                                    0x20024a34   Section        8  ff.o(.data)
    Fsid                                     0x20024a34   Data           2  ff.o(.data)
    FatFs                                    0x20024a38   Data           4  ff.o(.data)
    .bss                                     0x20024a3c   Section     1876  main.o(.bss)
    .bss                                     0x20025190   Section       32  ff.o(.bss)
    Files                                    0x20025190   Data          32  ff.o(.bss)
    .bss                                     0x200251b0   Section       12  ff_gen_drv.o(.bss)
    STACK                                    0x200251c0   Section     1024  startup_stm32f746xx.o(STACK)

    Global Symbols

    Symbol Name                              Value     Ov Type        Size  Object(Section)

    BuildAttributes$$THM_ISAv4$E$P$D$K$B$S$7EM$VFPi5$EXTD16$VFPS$VFMA$PE$PLD8$A:L22UL41UL21$X:L11$S22US41US21$IEEE1$IW$USESV6$~STKCKD$USESV7$~SHL$OSPACE$EBA8$MICROLIB$REQ8$PRES8$EABIv2 0x00000000   Number         0  anon$$obj.o ABSOLUTE
    __ARM_use_no_argv                        0x00000000   Number         0  main.o ABSOLUTE
    __cpp_initialize__aeabi_                  - Undefined Weak Reference
    __cxa_finalize                            - Undefined Weak Reference
    _clock_init                               - Undefined Weak Reference
    _microlib_exit                            - Undefined Weak Reference
    __Vectors_Size                           0x000001c8   Number         0  startup_stm32f746xx.o ABSOLUTE
    __Vectors                                0x08000000   Data           4  startup_stm32f746xx.o(RESET)
    __Vectors_End                            0x080001c8   Data           0  startup_stm32f746xx.o(RESET)
    __main                                   0x080001c9   Thumb Code     0  entry.o(.ARM.Collect$$$$00000000)
    _main_stk                                0x080001c9   Thumb Code     0  entry2.o(.ARM.Collect$$$$00000001)
    _main_scatterload                        0x080001cd   Thumb Code     0  entry5.o(.ARM.Collect$$$$00000004)
    __main_after_scatterload                 0x080001d1   Thumb Code     0  entry5.o(.ARM.Collect$$$$00000004)
    _main_clock                              0x080001d1   Thumb Code     0  entry7b.o(.ARM.Collect$$$$00000008)
    _main_cpp_init                           0x080001d1   Thumb Code     0  entry8b.o(.ARM.Collect$$$$0000000A)
    _main_init                               0x080001d1   Thumb Code     0  entry9a.o(.ARM.Collect$$$$0000000B)
    __rt_final_cpp                           0x080001d9   Thumb Code     0  entry10a.o(.ARM.Collect$$$$0000000D)
    __rt_final_exit                          0x080001d9   Thumb Code     0  entry11a.o(.ARM.Collect$$$$0000000F)
    Reset_Handler                            0x080001dd   Thumb Code     8  startup_stm32f746xx.o(.text)
    ADC_IRQHandler                           0x080001f7   Thumb Code     0  startup_stm32f746xx.o(.text)
    CAN1_RX0_IRQHandler                      0x080001f7   Thumb Code     0  startup_stm32f746xx.o(.text)
    CAN1_RX1_IRQHandler                      0x080001f7   Thumb Code     0  startup_stm32f746xx.o(.text)
    CAN1_SCE_IRQHandler                      0x080001f7   Thumb Code     0  startup_stm32f746xx.o(.text)
    CAN1_TX_IRQHandler                       0x080001f7   Thumb Code     0  startup_stm32f746xx.o(.text)
    CAN2_RX0_IRQHandler                      0x080001f7   Thumb Code     0  startup_stm32f746xx.o(.text)
    CAN2_RX1_IRQHandler                      0x080001f7   Thumb Code     0  startup_stm32f746xx.o(.text)
    CAN2_SCE_IRQHandler                      0x080001f7   Thumb Code     0  startup_stm32f746xx.o(.text)
    CAN2_TX_IRQHandler                       0x080001f7   Thumb Code     0  startup_stm32f746xx.o(.text)
    CEC_IRQHandler                           0x080001f7   Thumb Code     0  startup_stm32f746xx.o(.text)
    DCMI_IRQHandler                          0x080001f7   Thumb Code     0  startup_stm32f746xx.o(.text)
    DMA1_Stream0_IRQHandler                  0x080001f7   Thumb Code     0  startup_stm32f746xx.o(.text)
    DMA1_Stream1_IRQHandler                  0x080001f7   Thumb Code     0  startup_stm32f746xx.o(.text)
    DMA1_Stream2_IRQHandler                  0x080001f7   Thumb Code     0  startup_stm32f746xx.o(.text)
    DMA1_Stream3_IRQHandler                  0x080001f7   Thumb Code     0  startup_stm32f746xx.o(.text)
    DMA1_Stream4_IRQHandler                  0x080001f7   Thumb Code     0  startup_stm32f746xx.o(.text)
    DMA1_Stream5_IRQHandler                  0x080001f7   Thumb Code     0  startup_stm32f746xx.o(.text)
    DMA1_Stream6_IRQHandler                  0x080001f7   Thumb Code     0  startup_stm32f746xx.o(.text)
    DMA1_Stream7_IRQHandler                  0x080001f7   Thumb Code     0  startup_stm32f746xx.o(.text)
    DMA2D_IRQHandler                         0x080001f7   Thumb Code     0  startup_stm32f746xx.o(.text)
    DMA2_Stream0_IRQHandler                  0x080001f7   Thumb Code     0  startup_stm32f746xx.o(.text)
    DMA2_Stream1_IRQHandler                  0x080001f7   Thumb Code     0  startup_stm32f746xx.o(.text)
    DMA2_Stream2_IRQHandler                  0x080001f7   Thumb Code     0  startup_stm32f746xx.o(.text)
    DMA2_Stream3_IRQHandler                  0x080001f7   Thumb Code     0  startup_stm32f746xx.o(.text)
    DMA2_Stream4_IRQHandler                  0x080001f7   Thumb Code     0  startup_stm32f746xx.o(.text)
    DMA2_Stream5_IRQHandler                  0x080001f7   Thumb Code     0  startup_stm32f746xx.o(.text)
    DMA2_Stream6_IRQHandler                  0x080001f7   Thumb Code     0  startup_stm32f746xx.o(.text)
    DMA2_Stream7_IRQHandler                  0x080001f7   Thumb Code     0  startup_stm32f746xx.o(.text)
    ETH_IRQHandler                           0x080001f7   Thumb Code     0  startup_stm32f746xx.o(.text)
    ETH_WKUP_IRQHandler                      0x080001f7   Thumb Code     0  startup_stm32f746xx.o(.text)
    EXTI0_IRQHandler                         0x080001f7   Thumb Code     0  startup_stm32f746xx.o(.text)
    EXTI1_IRQHandler                         0x080001f7   Thumb Code     0  startup_stm32f746xx.o(.text)
    EXTI2_IRQHandler                         0x080001f7   Thumb Code     0  startup_stm32f746xx.o(.text)
    EXTI3_IRQHandler                         0x080001f7   Thumb Code     0  startup_stm32f746xx.o(.text)
    EXTI4_IRQHandler                         0x080001f7   Thumb Code     0  startup_stm32f746xx.o(.text)
    EXTI9_5_IRQHandler                       0x080001f7   Thumb Code     0  startup_stm32f746xx.o(.text)
    FLASH_IRQHandler                         0x080001f7   Thumb Code     0  startup_stm32f746xx.o(.text)
    FMC_IRQHandler                           0x080001f7   Thumb Code     0  startup_stm32f746xx.o(.text)
    FPU_IRQHandler                           0x080001f7   Thumb Code     0  startup_stm32f746xx.o(.text)
    I2C1_ER_IRQHandler                       0x080001f7   Thumb Code     0  startup_stm32f746xx.o(.text)
    I2C1_EV_IRQHandler                       0x080001f7   Thumb Code     0  startup_stm32f746xx.o(.text)
    I2C2_ER_IRQHandler                       0x080001f7   Thumb Code     0  startup_stm32f746xx.o(.text)
    I2C2_EV_IRQHandler                       0x080001f7   Thumb Code     0  startup_stm32f746xx.o(.text)
    I2C3_ER_IRQHandler                       0x080001f7   Thumb Code     0  startup_stm32f746xx.o(.text)
    I2C3_EV_IRQHandler                       0x080001f7   Thumb Code     0  startup_stm32f746xx.o(.text)
    I2C4_ER_IRQHandler                       0x080001f7   Thumb Code     0  startup_stm32f746xx.o(.text)
    I2C4_EV_IRQHandler                       0x080001f7   Thumb Code     0  startup_stm32f746xx.o(.text)
    LPTIM1_IRQHandler                        0x080001f7   Thumb Code     0  startup_stm32f746xx.o(.text)
    LTDC_ER_IRQHandler                       0x080001f7   Thumb Code     0  startup_stm32f746xx.o(.text)
    LTDC_IRQHandler                          0x080001f7   Thumb Code     0  startup_stm32f746xx.o(.text)
    OTG_FS_IRQHandler                        0x080001f7   Thumb Code     0  startup_stm32f746xx.o(.text)
    OTG_FS_WKUP_IRQHandler                   0x080001f7   Thumb Code     0  startup_stm32f746xx.o(.text)
    OTG_HS_EP1_IN_IRQHandler                 0x080001f7   Thumb Code     0  startup_stm32f746xx.o(.text)
    OTG_HS_EP1_OUT_IRQHandler                0x080001f7   Thumb Code     0  startup_stm32f746xx.o(.text)
    OTG_HS_IRQHandler                        0x080001f7   Thumb Code     0  startup_stm32f746xx.o(.text)
    OTG_HS_WKUP_IRQHandler                   0x080001f7   Thumb Code     0  startup_stm32f746xx.o(.text)
    PVD_IRQHandler                           0x080001f7   Thumb Code     0  startup_stm32f746xx.o(.text)
    QUADSPI_IRQHandler                       0x080001f7   Thumb Code     0  startup_stm32f746xx.o(.text)
    RCC_IRQHandler                           0x080001f7   Thumb Code     0  startup_stm32f746xx.o(.text)
    RNG_IRQHandler                           0x080001f7   Thumb Code     0  startup_stm32f746xx.o(.text)
    RTC_Alarm_IRQHandler                     0x080001f7   Thumb Code     0  startup_stm32f746xx.o(.text)
    RTC_WKUP_IRQHandler                      0x080001f7   Thumb Code     0  startup_stm32f746xx.o(.text)
    SAI1_IRQHandler                          0x080001f7   Thumb Code     0  startup_stm32f746xx.o(.text)
    SAI2_IRQHandler                          0x080001f7   Thumb Code     0  startup_stm32f746xx.o(.text)
    SDMMC1_IRQHandler                        0x080001f7   Thumb Code     0  startup_stm32f746xx.o(.text)
    SPDIF_RX_IRQHandler                      0x080001f7   Thumb Code     0  startup_stm32f746xx.o(.text)
    SPI1_IRQHandler                          0x080001f7   Thumb Code     0  startup_stm32f746xx.o(.text)
    SPI2_IRQHandler                          0x080001f7   Thumb Code     0  startup_stm32f746xx.o(.text)
    SPI3_IRQHandler                          0x080001f7   Thumb Code     0  startup_stm32f746xx.o(.text)
    SPI4_IRQHandler                          0x080001f7   Thumb Code     0  startup_stm32f746xx.o(.text)
    SPI5_IRQHandler                          0x080001f7   Thumb Code     0  startup_stm32f746xx.o(.text)
    SPI6_IRQHandler                          0x080001f7   Thumb Code     0  startup_stm32f746xx.o(.text)
    TAMP_STAMP_IRQHandler                    0x080001f7   Thumb Code     0  startup_stm32f746xx.o(.text)
    TIM1_BRK_TIM9_IRQHandler                 0x080001f7   Thumb Code     0  startup_stm32f746xx.o(.text)
    TIM1_CC_IRQHandler                       0x080001f7   Thumb Code     0  startup_stm32f746xx.o(.text)
    TIM1_TRG_COM_TIM11_IRQHandler            0x080001f7   Thumb Code     0  startup_stm32f746xx.o(.text)
    TIM1_UP_TIM10_IRQHandler                 0x080001f7   Thumb Code     0  startup_stm32f746xx.o(.text)
    TIM2_IRQHandler                          0x080001f7   Thumb Code     0  startup_stm32f746xx.o(.text)
    TIM3_IRQHandler                          0x080001f7   Thumb Code     0  startup_stm32f746xx.o(.text)
    TIM4_IRQHandler                          0x080001f7   Thumb Code     0  startup_stm32f746xx.o(.text)
    TIM5_IRQHandler                          0x080001f7   Thumb Code     0  startup_stm32f746xx.o(.text)
    TIM6_DAC_IRQHandler                      0x080001f7   Thumb Code     0  startup_stm32f746xx.o(.text)
    TIM7_IRQHandler                          0x080001f7   Thumb Code     0  startup_stm32f746xx.o(.text)
    TIM8_BRK_TIM12_IRQHandler                0x080001f7   Thumb Code     0  startup_stm32f746xx.o(.text)
    TIM8_CC_IRQHandler                       0x080001f7   Thumb Code     0  startup_stm32f746xx.o(.text)
    TIM8_TRG_COM_TIM14_IRQHandler            0x080001f7   Thumb Code     0  startup_stm32f746xx.o(.text)
    TIM8_UP_TIM13_IRQHandler                 0x080001f7   Thumb Code     0  startup_stm32f746xx.o(.text)
    UART4_IRQHandler                         0x080001f7   Thumb Code     0  startup_stm32f746xx.o(.text)
    UART5_IRQHandler                         0x080001f7   Thumb Code     0  startup_stm32f746xx.o(.text)
    UART7_IRQHandler                         0x080001f7   Thumb Code     0  startup_stm32f746xx.o(.text)
    UART8_IRQHandler                         0x080001f7   Thumb Code     0  startup_stm32f746xx.o(.text)
    USART1_IRQHandler                        0x080001f7   Thumb Code     0  startup_stm32f746xx.o(.text)
    USART2_IRQHandler                        0x080001f7   Thumb Code     0  startup_stm32f746xx.o(.text)
    USART3_IRQHandler                        0x080001f7   Thumb Code     0  startup_stm32f746xx.o(.text)
    USART6_IRQHandler                        0x080001f7   Thumb Code     0  startup_stm32f746xx.o(.text)
    WWDG_IRQHandler                          0x080001f7   Thumb Code     0  startup_stm32f746xx.o(.text)
    __aeabi_uldivmod                         0x08000201   Thumb Code    98  uldiv.o(.text)
    __aeabi_memset                           0x08000263   Thumb Code    14  memseta.o(.text)
    __aeabi_memset4                          0x08000263   Thumb Code     0  memseta.o(.text)
    __aeabi_memset8                          0x08000263   Thumb Code     0  memseta.o(.text)
    __aeabi_memclr                           0x08000271   Thumb Code     4  memseta.o(.text)
    __aeabi_memclr4                          0x08000271   Thumb Code     0  memseta.o(.text)
    __aeabi_memclr8                          0x08000271   Thumb Code     0  memseta.o(.text)
    _memset$wrapper                          0x08000275   Thumb Code    18  memseta.o(.text)
    __aeabi_llsl                             0x08000287   Thumb Code    30  llshl.o(.text)
    _ll_shift_l                              0x08000287   Thumb Code     0  llshl.o(.text)
    __aeabi_llsr                             0x080002a5   Thumb Code    32  llushr.o(.text)
    _ll_ushift_r                             0x080002a5   Thumb Code     0  llushr.o(.text)
    __scatterload                            0x080002c5   Thumb Code    28  init.o(.text)
    __scatterload_rt2                        0x080002c5   Thumb Code     0  init.o(.text)
    __decompress                             0x080002e9   Thumb Code     0  __dczerorl2.o(.text)
    __decompress1                            0x080002e9   Thumb Code    86  __dczerorl2.o(.text)
    BSP_PlatformIsDetected                   0x08000341   Thumb Code    20  fatfs_platform.o(i.BSP_PlatformIsDetected)
    BSP_SD_GetCardInfo                       0x08000359   Thumb Code     8  bsp_driver_sd.o(i.BSP_SD_GetCardInfo)
    BSP_SD_GetCardState                      0x08000365   Thumb Code    20  bsp_driver_sd.o(i.BSP_SD_GetCardState)
    BSP_SD_Init                              0x0800037d   Thumb Code    24  bsp_driver_sd.o(i.BSP_SD_Init)
    BSP_SD_IsDetected                        0x08000399   Thumb Code    26  bsp_driver_sd.o(i.BSP_SD_IsDetected)
    BSP_SD_ReadBlocks                        0x080003b5   Thumb Code    26  bsp_driver_sd.o(i.BSP_SD_ReadBlocks)
    BSP_SD_WriteBlocks                       0x080003d5   Thumb Code    26  bsp_driver_sd.o(i.BSP_SD_WriteBlocks)
    BusFault_Handler                         0x080003f5   Thumb Code     2  stm32f7xx_it.o(i.BusFault_Handler)
    DebugMon_Handler                         0x080003f7   Thumb Code     2  stm32f7xx_it.o(i.DebugMon_Handler)
    EXTI15_10_IRQHandler                     0x080003f9   Thumb Code     8  stm32f7xx_it.o(i.EXTI15_10_IRQHandler)
    FATFS_LinkDriver                         0x08000401   Thumb Code     6  ff_gen_drv.o(i.FATFS_LinkDriver)
    FATFS_LinkDriverEx                       0x08000409   Thumb Code    58  ff_gen_drv.o(i.FATFS_LinkDriverEx)
    HAL_GPIO_EXTI_Callback                   0x08000449   Thumb Code    84  stm32f7xx_it.o(i.HAL_GPIO_EXTI_Callback)
    HAL_GPIO_EXTI_IRQHandler                 0x080004a9   Thumb Code    18  stm32f7xx_hal_gpio.o(i.HAL_GPIO_EXTI_IRQHandler)
    HAL_GPIO_Init                            0x080004c1   Thumb Code   420  stm32f7xx_hal_gpio.o(i.HAL_GPIO_Init)
    HAL_GPIO_ReadPin                         0x08000699   Thumb Code    10  stm32f7xx_hal_gpio.o(i.HAL_GPIO_ReadPin)
    HAL_GPIO_TogglePin                       0x080006a3   Thumb Code    12  stm32f7xx_hal_gpio.o(i.HAL_GPIO_TogglePin)
    HAL_GPIO_WritePin                        0x080006af   Thumb Code    10  stm32f7xx_hal_gpio.o(i.HAL_GPIO_WritePin)
    HAL_GetTick                              0x080006b9   Thumb Code     6  stm32f7xx_hal.o(i.HAL_GetTick)
    HAL_IncTick                              0x080006c5   Thumb Code    12  stm32f7xx_hal.o(i.HAL_IncTick)
    HAL_Init                                 0x080006d5   Thumb Code    22  stm32f7xx_hal.o(i.HAL_Init)
    HAL_InitTick                             0x080006ed   Thumb Code    54  stm32f7xx_hal.o(i.HAL_InitTick)
    HAL_MspInit                              0x0800072d   Thumb Code    42  stm32f7xx_hal_msp.o(i.HAL_MspInit)
    HAL_NVIC_EnableIRQ                       0x0800075d   Thumb Code    26  stm32f7xx_hal_cortex.o(i.HAL_NVIC_EnableIRQ)
    HAL_NVIC_SetPriority                     0x08000779   Thumb Code    60  stm32f7xx_hal_cortex.o(i.HAL_NVIC_SetPriority)
    HAL_NVIC_SetPriorityGrouping             0x080007b9   Thumb Code    28  stm32f7xx_hal_cortex.o(i.HAL_NVIC_SetPriorityGrouping)
    HAL_PWREx_EnableOverDrive                0x080007dd   Thumb Code   100  stm32f7xx_hal_pwr_ex.o(i.HAL_PWREx_EnableOverDrive)
    HAL_RCCEx_PeriphCLKConfig                0x08000849   Thumb Code  1276  stm32f7xx_hal_rcc_ex.o(i.HAL_RCCEx_PeriphCLKConfig)
    HAL_RCC_ClockConfig                      0x08000d45   Thumb Code   284  stm32f7xx_hal_rcc.o(i.HAL_RCC_ClockConfig)
    HAL_RCC_GetSysClockFreq                  0x08000e75   Thumb Code    88  stm32f7xx_hal_rcc.o(i.HAL_RCC_GetSysClockFreq)
    HAL_RCC_OscConfig                        0x08000ed5   Thumb Code   888  stm32f7xx_hal_rcc.o(i.HAL_RCC_OscConfig)
    HAL_SD_GetCardCSD                        0x08001259   Thumb Code   440  stm32f7xx_hal_sd.o(i.HAL_SD_GetCardCSD)
    HAL_SD_GetCardInfo                       0x08001415   Thumb Code    36  stm32f7xx_hal_sd.o(i.HAL_SD_GetCardInfo)
    HAL_SD_GetCardState                      0x08001439   Thumb Code    44  stm32f7xx_hal_sd.o(i.HAL_SD_GetCardState)
    HAL_SD_Init                              0x08001465   Thumb Code    54  stm32f7xx_hal_sd.o(i.HAL_SD_Init)
    HAL_SD_InitCard                          0x0800149b   Thumb Code    90  stm32f7xx_hal_sd.o(i.HAL_SD_InitCard)
    HAL_SD_MspInit                           0x080014f5   Thumb Code   118  stm32f7xx_hal_msp.o(i.HAL_SD_MspInit)
    HAL_SD_ReadBlocks                        0x0800157d   Thumb Code   518  stm32f7xx_hal_sd.o(i.HAL_SD_ReadBlocks)
    HAL_SD_WriteBlocks                       0x08001789   Thumb Code   478  stm32f7xx_hal_sd.o(i.HAL_SD_WriteBlocks)
    HAL_SYSTICK_Config                       0x0800196d   Thumb Code    38  stm32f7xx_hal_cortex.o(i.HAL_SYSTICK_Config)
    HAL_SuspendTick                          0x08001993   Thumb Code    14  stm32f7xx_hal.o(i.HAL_SuspendTick)
    HAL_TIMEx_MasterConfigSynchronization    0x080019a1   Thumb Code   134  stm32f7xx_hal_tim_ex.o(i.HAL_TIMEx_MasterConfigSynchronization)
    HAL_TIM_Base_Init                        0x08001a45   Thumb Code    54  stm32f7xx_hal_tim.o(i.HAL_TIM_Base_Init)
    HAL_TIM_Base_MspInit                     0x08001a7d   Thumb Code    30  stm32f7xx_hal_msp.o(i.HAL_TIM_Base_MspInit)
    HAL_TIM_Base_Start                       0x08001aa5   Thumb Code    42  stm32f7xx_hal_tim.o(i.HAL_TIM_Base_Start)
    HAL_TIM_ConfigClockSource                0x08001ad5   Thumb Code   214  stm32f7xx_hal_tim.o(i.HAL_TIM_ConfigClockSource)
    HardFault_Handler                        0x08001bb1   Thumb Code     2  stm32f7xx_it.o(i.HardFault_Handler)
    MX_FATFS_Init                            0x08001bb5   Thumb Code    18  fatfs.o(i.MX_FATFS_Init)
    MemManage_Handler                        0x08001d19   Thumb Code     2  stm32f7xx_it.o(i.MemManage_Handler)
    NMI_Handler                              0x08001d1b   Thumb Code     2  stm32f7xx_it.o(i.NMI_Handler)
    PendSV_Handler                           0x08001d1d   Thumb Code     2  stm32f7xx_it.o(i.PendSV_Handler)
    SDMMC_CmdAppCommand                      0x08001d1f   Thumb Code    50  stm32f7xx_ll_sdmmc.o(i.SDMMC_CmdAppCommand)
    SDMMC_CmdAppOperCommand                  0x08001d51   Thumb Code    48  stm32f7xx_ll_sdmmc.o(i.SDMMC_CmdAppOperCommand)
    SDMMC_CmdBlockLength                     0x08001d85   Thumb Code    50  stm32f7xx_ll_sdmmc.o(i.SDMMC_CmdBlockLength)
    SDMMC_CmdGoIdleState                     0x08001db9   Thumb Code    74  stm32f7xx_ll_sdmmc.o(i.SDMMC_CmdGoIdleState)
    SDMMC_CmdOperCond                        0x08001e09   Thumb Code   108  stm32f7xx_ll_sdmmc.o(i.SDMMC_CmdOperCond)
    SDMMC_CmdReadMultiBlock                  0x08001e79   Thumb Code    50  stm32f7xx_ll_sdmmc.o(i.SDMMC_CmdReadMultiBlock)
    SDMMC_CmdReadSingleBlock                 0x08001eab   Thumb Code    50  stm32f7xx_ll_sdmmc.o(i.SDMMC_CmdReadSingleBlock)
    SDMMC_CmdSelDesel                        0x08001edd   Thumb Code    48  stm32f7xx_ll_sdmmc.o(i.SDMMC_CmdSelDesel)
    SDMMC_CmdSendCID                         0x08001f0d   Thumb Code    42  stm32f7xx_ll_sdmmc.o(i.SDMMC_CmdSendCID)
    SDMMC_CmdSendCSD                         0x08001f37   Thumb Code    46  stm32f7xx_ll_sdmmc.o(i.SDMMC_CmdSendCSD)
    SDMMC_CmdSendStatus                      0x08001f65   Thumb Code    50  stm32f7xx_ll_sdmmc.o(i.SDMMC_CmdSendStatus)
    SDMMC_CmdSetRelAdd                       0x08001f97   Thumb Code    48  stm32f7xx_ll_sdmmc.o(i.SDMMC_CmdSetRelAdd)
    SDMMC_CmdStopTransfer                    0x08001fc9   Thumb Code    46  stm32f7xx_ll_sdmmc.o(i.SDMMC_CmdStopTransfer)
    SDMMC_CmdWriteMultiBlock                 0x08001ffd   Thumb Code    50  stm32f7xx_ll_sdmmc.o(i.SDMMC_CmdWriteMultiBlock)
    SDMMC_CmdWriteSingleBlock                0x0800202f   Thumb Code    50  stm32f7xx_ll_sdmmc.o(i.SDMMC_CmdWriteSingleBlock)
    SDMMC_ConfigData                         0x08002061   Thumb Code    38  stm32f7xx_ll_sdmmc.o(i.SDMMC_ConfigData)
    SDMMC_GetPowerState                      0x080022c5   Thumb Code     8  stm32f7xx_ll_sdmmc.o(i.SDMMC_GetPowerState)
    SDMMC_GetResponse                        0x080022cd   Thumb Code     6  stm32f7xx_ll_sdmmc.o(i.SDMMC_GetResponse)
    SDMMC_Init                               0x080022d3   Thumb Code    34  stm32f7xx_ll_sdmmc.o(i.SDMMC_Init)
    SDMMC_PowerState_ON                      0x080022f5   Thumb Code    28  stm32f7xx_ll_sdmmc.o(i.SDMMC_PowerState_ON)
    SDMMC_ReadFIFO                           0x08002315   Thumb Code     6  stm32f7xx_ll_sdmmc.o(i.SDMMC_ReadFIFO)
    SDMMC_SendCommand                        0x0800231b   Thumb Code    34  stm32f7xx_ll_sdmmc.o(i.SDMMC_SendCommand)
    SDMMC_WriteFIFO                          0x0800233d   Thumb Code    10  stm32f7xx_ll_sdmmc.o(i.SDMMC_WriteFIFO)
    SD_initialize                            0x0800250d   Thumb Code    28  sd_diskio.o(i.SD_initialize)
    SD_ioctl                                 0x0800252d   Thumb Code    84  sd_diskio.o(i.SD_ioctl)
    SD_read                                  0x08002585   Thumb Code    38  sd_diskio.o(i.SD_read)
    SD_status                                0x080025ab   Thumb Code     4  sd_diskio.o(i.SD_status)
    SD_write                                 0x080025b1   Thumb Code    38  sd_diskio.o(i.SD_write)
    SVC_Handler                              0x080025d7   Thumb Code     2  stm32f7xx_it.o(i.SVC_Handler)
    SysTick_Handler                          0x080025d9   Thumb Code     4  stm32f7xx_it.o(i.SysTick_Handler)
    SystemClock_Config                       0x080025dd   Thumb Code   152  main.o(i.SystemClock_Config)
    SystemInit                               0x0800267d   Thumb Code    22  system_stm32f7xx.o(i.SystemInit)
    TIM_Base_SetConfig                       0x08002699   Thumb Code   158  stm32f7xx_hal_tim.o(i.TIM_Base_SetConfig)
    TIM_ETR_SetConfig                        0x08002765   Thumb Code    18  stm32f7xx_hal_tim.o(i.TIM_ETR_SetConfig)
    UsageFault_Handler                       0x080027cd   Thumb Code     2  stm32f7xx_it.o(i.UsageFault_Handler)
    __scatterload_copy                       0x080027f1   Thumb Code    14  handlers.o(i.__scatterload_copy)
    __scatterload_null                       0x080027ff   Thumb Code     2  handlers.o(i.__scatterload_null)
    __scatterload_zeroinit                   0x08002801   Thumb Code    14  handlers.o(i.__scatterload_zeroinit)
    delay_us                                 0x08002ad1   Thumb Code    18  main.o(i.delay_us)
    disk_initialize                          0x08002d2d   Thumb Code    34  diskio.o(i.disk_initialize)
    disk_ioctl                               0x08002d55   Thumb Code    20  diskio.o(i.disk_ioctl)
    disk_read                                0x08002d6d   Thumb Code    22  diskio.o(i.disk_read)
    disk_status                              0x08002d89   Thumb Code    16  diskio.o(i.disk_status)
    disk_write                               0x08002d9d   Thumb Code    22  diskio.o(i.disk_write)
    f_close                                  0x08002db9   Thumb Code    40  ff.o(i.f_close)
    f_lseek                                  0x08002de1   Thumb Code   538  ff.o(i.f_lseek)
    f_mount                                  0x08002ffd   Thumb Code    84  ff.o(i.f_mount)
    f_open                                   0x08003055   Thumb Code   522  ff.o(i.f_open)
    f_read                                   0x08003265   Thumb Code   340  ff.o(i.f_read)
    f_sync                                   0x080033b9   Thumb Code   142  ff.o(i.f_sync)
    f_write                                  0x08003447   Thumb Code   396  ff.o(i.f_write)
    get_fattime                              0x0800395f   Thumb Code     4  fatfs.o(i.get_fattime)
    main                                     0x08003a69   Thumb Code  1256  main.o(i.main)
    SD_Driver                                0x0800425c   Data          20  sd_diskio.o(.constdata)
    AHBPrescTable                            0x08004270   Data          16  system_stm32f7xx.o(.constdata)
    Region$$Table$$Base                      0x0800431c   Number         0  anon$$obj.o(Region$$Table)
    Region$$Table$$Limit                     0x0800433c   Number         0  anon$$obj.o(Region$$Table)
    FR1                                      0x20000000   Data           1  main.o(.data)
    FR2                                      0x20000001   Data           1  main.o(.data)
    FR3                                      0x20000002   Data           1  main.o(.data)
    FileSize                                 0x20000003   Data           1  main.o(.data)
    ReadStep                                 0x20000004   Data           1  main.o(.data)
    LoopStep                                 0x20000005   Data           1  main.o(.data)
    GetSize                                  0x20000006   Data           2  main.o(.data)
    Start                                    0x20000008   Data           4  main.o(.data)
    OFS1                                     0x2000000c   Data           4  main.o(.data)
    OFS2                                     0x20000010   Data           4  main.o(.data)
    ByteCount                                0x20000014   Data           4  main.o(.data)
    ProcessStep                              0x20000018   Data           4  main.o(.data)
    ProcessIND                               0x2000001c   Data           4  main.o(.data)
    BUFFIND                                  0x20000020   Data           4  main.o(.data)
    i                                        0x20000024   Data           4  main.o(.data)
    BUFF                                     0x20000028   Data       100000  main.o(.data)
    Process                                  0x200186c8   Data       25000  main.o(.data)
    ReadBuff                                 0x2001e870   Data       25000  main.o(.data)
    k                                        0x20024a18   Data           4  stm32f7xx_it.o(.data)
    retSD                                    0x20024a1d   Data           1  fatfs.o(.data)
    SDPath                                   0x20024a1e   Data           4  fatfs.o(.data)
    uwTickFreq                               0x20024a24   Data           1  stm32f7xx_hal.o(.data)
    uwTickPrio                               0x20024a28   Data           4  stm32f7xx_hal.o(.data)
    uwTick                                   0x20024a2c   Data           4  stm32f7xx_hal.o(.data)
    SystemCoreClock                          0x20024a30   Data           4  system_stm32f7xx.o(.data)
    hsd1                                     0x20024a3c   Data         132  main.o(.bss)
    htim1                                    0x20024ac0   Data          64  main.o(.bss)
    MyFatfs                                  0x20024b00   Data         560  main.o(.bss)
    MyFile1                                  0x20024d30   Data         560  main.o(.bss)
    MyFile2                                  0x20024f60   Data         560  main.o(.bss)
    disk                                     0x200251b0   Data          12  ff_gen_drv.o(.bss)
    __initial_sp                             0x200255c0   Data           0  startup_stm32f746xx.o(STACK)



==============================================================================

Memory Map of the image

  Image Entry point : 0x080001c9

  Load Region LR_IROM1 (Base: 0x08000000, Size: 0x00028d78, Max: 0x00100000, ABSOLUTE, COMPRESSED[0x000047ec])

    Execution Region ER_IROM1 (Exec base: 0x08000000, Load base: 0x08000000, Size: 0x0000433c, Max: 0x00100000, ABSOLUTE)

    Exec Addr    Load Addr    Size         Type   Attr      Idx    E Section Name        Object

    0x08000000   0x08000000   0x000001c8   Data   RO            3    RESET               startup_stm32f746xx.o
    0x080001c8   0x080001c8   0x00000000   Code   RO         4192  * .ARM.Collect$$$$00000000  mc_w.l(entry.o)
    0x080001c8   0x080001c8   0x00000004   Code   RO         4199    .ARM.Collect$$$$00000001  mc_w.l(entry2.o)
    0x080001cc   0x080001cc   0x00000004   Code   RO         4202    .ARM.Collect$$$$00000004  mc_w.l(entry5.o)
    0x080001d0   0x080001d0   0x00000000   Code   RO         4204    .ARM.Collect$$$$00000008  mc_w.l(entry7b.o)
    0x080001d0   0x080001d0   0x00000000   Code   RO         4206    .ARM.Collect$$$$0000000A  mc_w.l(entry8b.o)
    0x080001d0   0x080001d0   0x00000008   Code   RO         4207    .ARM.Collect$$$$0000000B  mc_w.l(entry9a.o)
    0x080001d8   0x080001d8   0x00000000   Code   RO         4209    .ARM.Collect$$$$0000000D  mc_w.l(entry10a.o)
    0x080001d8   0x080001d8   0x00000000   Code   RO         4211    .ARM.Collect$$$$0000000F  mc_w.l(entry11a.o)
    0x080001d8   0x080001d8   0x00000004   Code   RO         4200    .ARM.Collect$$$$00002712  mc_w.l(entry2.o)
    0x080001dc   0x080001dc   0x00000024   Code   RO            4    .text               startup_stm32f746xx.o
    0x08000200   0x08000200   0x00000062   Code   RO         4195    .text               mc_w.l(uldiv.o)
    0x08000262   0x08000262   0x00000024   Code   RO         4197    .text               mc_w.l(memseta.o)
    0x08000286   0x08000286   0x0000001e   Code   RO         4213    .text               mc_w.l(llshl.o)
    0x080002a4   0x080002a4   0x00000020   Code   RO         4215    .text               mc_w.l(llushr.o)
    0x080002c4   0x080002c4   0x00000024   Code   RO         4217    .text               mc_w.l(init.o)
    0x080002e8   0x080002e8   0x00000056   Code   RO         4227    .text               mc_w.l(__dczerorl2.o)
    0x0800033e   0x0800033e   0x00000002   PAD
    0x08000340   0x08000340   0x00000018   Code   RO          530    i.BSP_PlatformIsDetected  fatfs_platform.o
    0x08000358   0x08000358   0x0000000c   Code   RO          357    i.BSP_SD_GetCardInfo  bsp_driver_sd.o
    0x08000364   0x08000364   0x00000018   Code   RO          358    i.BSP_SD_GetCardState  bsp_driver_sd.o
    0x0800037c   0x0800037c   0x0000001c   Code   RO          360    i.BSP_SD_Init       bsp_driver_sd.o
    0x08000398   0x08000398   0x0000001a   Code   RO          361    i.BSP_SD_IsDetected  bsp_driver_sd.o
    0x080003b2   0x080003b2   0x00000002   PAD
    0x080003b4   0x080003b4   0x00000020   Code   RO          362    i.BSP_SD_ReadBlocks  bsp_driver_sd.o
    0x080003d4   0x080003d4   0x00000020   Code   RO          365    i.BSP_SD_WriteBlocks  bsp_driver_sd.o
    0x080003f4   0x080003f4   0x00000002   Code   RO          212    i.BusFault_Handler  stm32f7xx_it.o
    0x080003f6   0x080003f6   0x00000002   Code   RO          213    i.DebugMon_Handler  stm32f7xx_it.o
    0x080003f8   0x080003f8   0x00000008   Code   RO          214    i.EXTI15_10_IRQHandler  stm32f7xx_it.o
    0x08000400   0x08000400   0x00000006   Code   RO         4121    i.FATFS_LinkDriver  ff_gen_drv.o
    0x08000406   0x08000406   0x00000002   PAD
    0x08000408   0x08000408   0x00000040   Code   RO         4122    i.FATFS_LinkDriverEx  ff_gen_drv.o
    0x08000448   0x08000448   0x00000060   Code   RO          215    i.HAL_GPIO_EXTI_Callback  stm32f7xx_it.o
    0x080004a8   0x080004a8   0x00000018   Code   RO         1073    i.HAL_GPIO_EXTI_IRQHandler  stm32f7xx_hal_gpio.o
    0x080004c0   0x080004c0   0x000001d8   Code   RO         1074    i.HAL_GPIO_Init     stm32f7xx_hal_gpio.o
    0x08000698   0x08000698   0x0000000a   Code   RO         1076    i.HAL_GPIO_ReadPin  stm32f7xx_hal_gpio.o
    0x080006a2   0x080006a2   0x0000000c   Code   RO         1077    i.HAL_GPIO_TogglePin  stm32f7xx_hal_gpio.o
    0x080006ae   0x080006ae   0x0000000a   Code   RO         1078    i.HAL_GPIO_WritePin  stm32f7xx_hal_gpio.o
    0x080006b8   0x080006b8   0x0000000c   Code   RO         1515    i.HAL_GetTick       stm32f7xx_hal.o
    0x080006c4   0x080006c4   0x00000010   Code   RO         1521    i.HAL_IncTick       stm32f7xx_hal.o
    0x080006d4   0x080006d4   0x00000016   Code   RO         1522    i.HAL_Init          stm32f7xx_hal.o
    0x080006ea   0x080006ea   0x00000002   PAD
    0x080006ec   0x080006ec   0x00000040   Code   RO         1523    i.HAL_InitTick      stm32f7xx_hal.o
    0x0800072c   0x0800072c   0x00000030   Code   RO          307    i.HAL_MspInit       stm32f7xx_hal_msp.o
    0x0800075c   0x0800075c   0x0000001a   Code   RO          597    i.HAL_NVIC_EnableIRQ  stm32f7xx_hal_cortex.o
    0x08000776   0x08000776   0x00000002   PAD
    0x08000778   0x08000778   0x00000040   Code   RO          603    i.HAL_NVIC_SetPriority  stm32f7xx_hal_cortex.o
    0x080007b8   0x080007b8   0x00000024   Code   RO          604    i.HAL_NVIC_SetPriorityGrouping  stm32f7xx_hal_cortex.o
    0x080007dc   0x080007dc   0x0000006c   Code   RO         1414    i.HAL_PWREx_EnableOverDrive  stm32f7xx_hal_pwr_ex.o
    0x08000848   0x08000848   0x000004fc   Code   RO          835    i.HAL_RCCEx_PeriphCLKConfig  stm32f7xx_hal_rcc_ex.o
    0x08000d44   0x08000d44   0x00000130   Code   RO          728    i.HAL_RCC_ClockConfig  stm32f7xx_hal_rcc.o
    0x08000e74   0x08000e74   0x00000060   Code   RO          737    i.HAL_RCC_GetSysClockFreq  stm32f7xx_hal_rcc.o
    0x08000ed4   0x08000ed4   0x00000384   Code   RO          740    i.HAL_RCC_OscConfig  stm32f7xx_hal_rcc.o
    0x08001258   0x08001258   0x000001bc   Code   RO         2529    i.HAL_SD_GetCardCSD  stm32f7xx_hal_sd.o
    0x08001414   0x08001414   0x00000024   Code   RO         2530    i.HAL_SD_GetCardInfo  stm32f7xx_hal_sd.o
    0x08001438   0x08001438   0x0000002c   Code   RO         2531    i.HAL_SD_GetCardState  stm32f7xx_hal_sd.o
    0x08001464   0x08001464   0x00000036   Code   RO         2536    i.HAL_SD_Init       stm32f7xx_hal_sd.o
    0x0800149a   0x0800149a   0x0000005a   Code   RO         2537    i.HAL_SD_InitCard   stm32f7xx_hal_sd.o
    0x080014f4   0x080014f4   0x00000088   Code   RO          309    i.HAL_SD_MspInit    stm32f7xx_hal_msp.o
    0x0800157c   0x0800157c   0x0000020c   Code   RO         2540    i.HAL_SD_ReadBlocks  stm32f7xx_hal_sd.o
    0x08001788   0x08001788   0x000001e4   Code   RO         2545    i.HAL_SD_WriteBlocks  stm32f7xx_hal_sd.o
    0x0800196c   0x0800196c   0x00000026   Code   RO          608    i.HAL_SYSTICK_Config  stm32f7xx_hal_cortex.o
    0x08001992   0x08001992   0x0000000e   Code   RO         1528    i.HAL_SuspendTick   stm32f7xx_hal.o
    0x080019a0   0x080019a0   0x000000a4   Code   RO         3453    i.HAL_TIMEx_MasterConfigSynchronization  stm32f7xx_hal_tim_ex.o
    0x08001a44   0x08001a44   0x00000036   Code   RO         2748    i.HAL_TIM_Base_Init  stm32f7xx_hal_tim.o
    0x08001a7a   0x08001a7a   0x00000002   PAD
    0x08001a7c   0x08001a7c   0x00000028   Code   RO          311    i.HAL_TIM_Base_MspInit  stm32f7xx_hal_msp.o
    0x08001aa4   0x08001aa4   0x00000030   Code   RO         2751    i.HAL_TIM_Base_Start  stm32f7xx_hal_tim.o
    0x08001ad4   0x08001ad4   0x000000dc   Code   RO         2757    i.HAL_TIM_ConfigClockSource  stm32f7xx_hal_tim.o
    0x08001bb0   0x08001bb0   0x00000002   Code   RO          216    i.HardFault_Handler  stm32f7xx_it.o
    0x08001bb2   0x08001bb2   0x00000002   PAD
    0x08001bb4   0x08001bb4   0x0000001c   Code   RO          554    i.MX_FATFS_Init     fatfs.o
    0x08001bd0   0x08001bd0   0x000000f0   Code   RO           14    i.MX_GPIO_Init      main.o
    0x08001cc0   0x08001cc0   0x00000058   Code   RO           15    i.MX_TIM1_Init      main.o
    0x08001d18   0x08001d18   0x00000002   Code   RO          217    i.MemManage_Handler  stm32f7xx_it.o
    0x08001d1a   0x08001d1a   0x00000002   Code   RO          218    i.NMI_Handler       stm32f7xx_it.o
    0x08001d1c   0x08001d1c   0x00000002   Code   RO          219    i.PendSV_Handler    stm32f7xx_it.o
    0x08001d1e   0x08001d1e   0x00000032   Code   RO         2257    i.SDMMC_CmdAppCommand  stm32f7xx_ll_sdmmc.o
    0x08001d50   0x08001d50   0x00000034   Code   RO         2258    i.SDMMC_CmdAppOperCommand  stm32f7xx_ll_sdmmc.o
    0x08001d84   0x08001d84   0x00000032   Code   RO         2259    i.SDMMC_CmdBlockLength  stm32f7xx_ll_sdmmc.o
    0x08001db6   0x08001db6   0x00000002   PAD
    0x08001db8   0x08001db8   0x00000050   Code   RO         2264    i.SDMMC_CmdGoIdleState  stm32f7xx_ll_sdmmc.o
    0x08001e08   0x08001e08   0x00000070   Code   RO         2266    i.SDMMC_CmdOperCond  stm32f7xx_ll_sdmmc.o
    0x08001e78   0x08001e78   0x00000032   Code   RO         2267    i.SDMMC_CmdReadMultiBlock  stm32f7xx_ll_sdmmc.o
    0x08001eaa   0x08001eaa   0x00000032   Code   RO         2268    i.SDMMC_CmdReadSingleBlock  stm32f7xx_ll_sdmmc.o
    0x08001edc   0x08001edc   0x00000030   Code   RO         2271    i.SDMMC_CmdSelDesel  stm32f7xx_ll_sdmmc.o
    0x08001f0c   0x08001f0c   0x0000002a   Code   RO         2272    i.SDMMC_CmdSendCID  stm32f7xx_ll_sdmmc.o
    0x08001f36   0x08001f36   0x0000002e   Code   RO         2273    i.SDMMC_CmdSendCSD  stm32f7xx_ll_sdmmc.o
    0x08001f64   0x08001f64   0x00000032   Code   RO         2275    i.SDMMC_CmdSendStatus  stm32f7xx_ll_sdmmc.o
    0x08001f96   0x08001f96   0x00000030   Code   RO         2276    i.SDMMC_CmdSetRelAdd  stm32f7xx_ll_sdmmc.o
    0x08001fc6   0x08001fc6   0x00000002   PAD
    0x08001fc8   0x08001fc8   0x00000034   Code   RO         2278    i.SDMMC_CmdStopTransfer  stm32f7xx_ll_sdmmc.o
    0x08001ffc   0x08001ffc   0x00000032   Code   RO         2280    i.SDMMC_CmdWriteMultiBlock  stm32f7xx_ll_sdmmc.o
    0x0800202e   0x0800202e   0x00000032   Code   RO         2281    i.SDMMC_CmdWriteSingleBlock  stm32f7xx_ll_sdmmc.o
    0x08002060   0x08002060   0x00000026   Code   RO         2282    i.SDMMC_ConfigData  stm32f7xx_ll_sdmmc.o
    0x08002086   0x08002086   0x00000002   PAD
    0x08002088   0x08002088   0x00000120   Code   RO         2283    i.SDMMC_GetCmdResp1  stm32f7xx_ll_sdmmc.o
    0x080021a8   0x080021a8   0x00000050   Code   RO         2284    i.SDMMC_GetCmdResp2  stm32f7xx_ll_sdmmc.o
    0x080021f8   0x080021f8   0x00000044   Code   RO         2285    i.SDMMC_GetCmdResp3  stm32f7xx_ll_sdmmc.o
    0x0800223c   0x0800223c   0x00000088   Code   RO         2286    i.SDMMC_GetCmdResp6  stm32f7xx_ll_sdmmc.o
    0x080022c4   0x080022c4   0x00000008   Code   RO         2290    i.SDMMC_GetPowerState  stm32f7xx_ll_sdmmc.o
    0x080022cc   0x080022cc   0x00000006   Code   RO         2291    i.SDMMC_GetResponse  stm32f7xx_ll_sdmmc.o
    0x080022d2   0x080022d2   0x00000022   Code   RO         2292    i.SDMMC_Init        stm32f7xx_ll_sdmmc.o
    0x080022f4   0x080022f4   0x00000020   Code   RO         2294    i.SDMMC_PowerState_ON  stm32f7xx_ll_sdmmc.o
    0x08002314   0x08002314   0x00000006   Code   RO         2295    i.SDMMC_ReadFIFO    stm32f7xx_ll_sdmmc.o
    0x0800231a   0x0800231a   0x00000022   Code   RO         2296    i.SDMMC_SendCommand  stm32f7xx_ll_sdmmc.o
    0x0800233c   0x0800233c   0x0000000a   Code   RO         2298    i.SDMMC_WriteFIFO   stm32f7xx_ll_sdmmc.o
    0x08002346   0x08002346   0x00000002   PAD
    0x08002348   0x08002348   0x00000020   Code   RO          470    i.SD_CheckStatus    sd_diskio.o
    0x08002368   0x08002368   0x000000ee   Code   RO         2554    i.SD_InitCard       stm32f7xx_hal_sd.o
    0x08002456   0x08002456   0x00000002   PAD
    0x08002458   0x08002458   0x000000b4   Code   RO         2555    i.SD_PowerON        stm32f7xx_hal_sd.o
    0x0800250c   0x0800250c   0x00000020   Code   RO          471    i.SD_initialize     sd_diskio.o
    0x0800252c   0x0800252c   0x00000058   Code   RO          472    i.SD_ioctl          sd_diskio.o
    0x08002584   0x08002584   0x00000026   Code   RO          473    i.SD_read           sd_diskio.o
    0x080025aa   0x080025aa   0x00000004   Code   RO          474    i.SD_status         sd_diskio.o
    0x080025ae   0x080025ae   0x00000002   PAD
    0x080025b0   0x080025b0   0x00000026   Code   RO          475    i.SD_write          sd_diskio.o
    0x080025d6   0x080025d6   0x00000002   Code   RO          220    i.SVC_Handler       stm32f7xx_it.o
    0x080025d8   0x080025d8   0x00000004   Code   RO          221    i.SysTick_Handler   stm32f7xx_it.o
    0x080025dc   0x080025dc   0x000000a0   Code   RO           16    i.SystemClock_Config  main.o
    0x0800267c   0x0800267c   0x0000001c   Code   RO         3697    i.SystemInit        system_stm32f7xx.o
    0x08002698   0x08002698   0x000000cc   Code   RO         2836    i.TIM_Base_SetConfig  stm32f7xx_hal_tim.o
    0x08002764   0x08002764   0x00000012   Code   RO         2847    i.TIM_ETR_SetConfig  stm32f7xx_hal_tim.o
    0x08002776   0x08002776   0x00000010   Code   RO         2848    i.TIM_ITRx_SetConfig  stm32f7xx_hal_tim.o
    0x08002786   0x08002786   0x00000022   Code   RO         2856    i.TIM_TI1_ConfigInputStage  stm32f7xx_hal_tim.o
    0x080027a8   0x080027a8   0x00000024   Code   RO         2858    i.TIM_TI2_ConfigInputStage  stm32f7xx_hal_tim.o
    0x080027cc   0x080027cc   0x00000002   Code   RO          222    i.UsageFault_Handler  stm32f7xx_it.o
    0x080027ce   0x080027ce   0x00000022   Code   RO          610    i.__NVIC_SetPriority  stm32f7xx_hal_cortex.o
    0x080027f0   0x080027f0   0x0000000e   Code   RO         4221    i.__scatterload_copy  mc_w.l(handlers.o)
    0x080027fe   0x080027fe   0x00000002   Code   RO         4222    i.__scatterload_null  mc_w.l(handlers.o)
    0x08002800   0x08002800   0x0000000e   Code   RO         4223    i.__scatterload_zeroinit  mc_w.l(handlers.o)
    0x0800280e   0x0800280e   0x00000002   PAD
    0x08002810   0x08002810   0x00000070   Code   RO         3789    i.check_fs          ff.o
    0x08002880   0x08002880   0x0000005c   Code   RO         3790    i.chk_lock          ff.o
    0x080028dc   0x080028dc   0x00000020   Code   RO         3791    i.clear_lock        ff.o
    0x080028fc   0x080028fc   0x00000024   Code   RO         3792    i.clmt_clust        ff.o
    0x08002920   0x08002920   0x00000018   Code   RO         3793    i.clust2sect        ff.o
    0x08002938   0x08002938   0x000000a6   Code   RO         3794    i.create_chain      ff.o
    0x080029de   0x080029de   0x00000002   PAD
    0x080029e0   0x080029e0   0x000000bc   Code   RO         3795    i.create_name       ff.o
    0x08002a9c   0x08002a9c   0x00000034   Code   RO         3796    i.dec_lock          ff.o
    0x08002ad0   0x08002ad0   0x00000018   Code   RO           17    i.delay_us          main.o
    0x08002ae8   0x08002ae8   0x00000066   Code   RO         3797    i.dir_find          ff.o
    0x08002b4e   0x08002b4e   0x00000002   PAD
    0x08002b50   0x08002b50   0x000000f4   Code   RO         3798    i.dir_next          ff.o
    0x08002c44   0x08002c44   0x00000066   Code   RO         3800    i.dir_register      ff.o
    0x08002caa   0x08002caa   0x00000082   Code   RO         3802    i.dir_sdi           ff.o
    0x08002d2c   0x08002d2c   0x00000028   Code   RO         3734    i.disk_initialize   diskio.o
    0x08002d54   0x08002d54   0x00000018   Code   RO         3735    i.disk_ioctl        diskio.o
    0x08002d6c   0x08002d6c   0x0000001c   Code   RO         3736    i.disk_read         diskio.o
    0x08002d88   0x08002d88   0x00000014   Code   RO         3737    i.disk_status       diskio.o
    0x08002d9c   0x08002d9c   0x0000001c   Code   RO         3738    i.disk_write        diskio.o
    0x08002db8   0x08002db8   0x00000028   Code   RO         3803    i.f_close           ff.o
    0x08002de0   0x08002de0   0x0000021a   Code   RO         3807    i.f_lseek           ff.o
    0x08002ffa   0x08002ffa   0x00000002   PAD
    0x08002ffc   0x08002ffc   0x00000058   Code   RO         3810    i.f_mount           ff.o
    0x08003054   0x08003054   0x00000210   Code   RO         3811    i.f_open            ff.o
    0x08003264   0x08003264   0x00000154   Code   RO         3816    i.f_read            ff.o
    0x080033b8   0x080033b8   0x0000008e   Code   RO         3820    i.f_sync            ff.o
    0x08003446   0x08003446   0x0000018c   Code   RO         3823    i.f_write           ff.o
    0x080035d2   0x080035d2   0x00000002   PAD
    0x080035d4   0x080035d4   0x00000258   Code   RO         3824    i.find_volume       ff.o
    0x0800382c   0x0800382c   0x00000074   Code   RO         3825    i.follow_path       ff.o
    0x080038a0   0x080038a0   0x000000be   Code   RO         3826    i.get_fat           ff.o
    0x0800395e   0x0800395e   0x00000004   Code   RO          555    i.get_fattime       fatfs.o
    0x08003962   0x08003962   0x0000003c   Code   RO         3828    i.get_ldnumber      ff.o
    0x0800399e   0x0800399e   0x00000002   PAD
    0x080039a0   0x080039a0   0x00000080   Code   RO         3829    i.inc_lock          ff.o
    0x08003a20   0x08003a20   0x00000026   Code   RO         3830    i.ld_clust          ff.o
    0x08003a46   0x08003a46   0x00000016   Code   RO         3831    i.ld_dword          ff.o
    0x08003a5c   0x08003a5c   0x0000000a   Code   RO         3832    i.ld_word           ff.o
    0x08003a66   0x08003a66   0x00000002   PAD
    0x08003a68   0x08003a68   0x000004ec   Code   RO           18    i.main              main.o
    0x08003f54   0x08003f54   0x00000012   Code   RO         3833    i.mem_cpy           ff.o
    0x08003f66   0x08003f66   0x00000002   PAD
    0x08003f68   0x08003f68   0x0000000e   Code   RO         3834    i.mem_set           ff.o
    0x08003f76   0x08003f76   0x00000032   Code   RO         3835    i.move_window       ff.o
    0x08003fa8   0x08003fa8   0x000000f0   Code   RO         3836    i.put_fat           ff.o
    0x08004098   0x08004098   0x00000074   Code   RO         3839    i.remove_chain      ff.o
    0x0800410c   0x0800410c   0x00000028   Code   RO         3840    i.st_clust          ff.o
    0x08004134   0x08004134   0x00000010   Code   RO         3841    i.st_dword          ff.o
    0x08004144   0x08004144   0x00000008   Code   RO         3842    i.st_word           ff.o
    0x0800414c   0x0800414c   0x00000088   Code   RO         3843    i.sync_fs           ff.o
    0x080041d4   0x080041d4   0x00000052   Code   RO         3844    i.sync_window       ff.o
    0x08004226   0x08004226   0x00000034   Code   RO         3845    i.validate          ff.o
    0x0800425a   0x0800425a   0x00000002   PAD
    0x0800425c   0x0800425c   0x00000014   Data   RO          476    .constdata          sd_diskio.o
    0x08004270   0x08004270   0x00000010   Data   RO         3698    .constdata          system_stm32f7xx.o
    0x08004280   0x08004280   0x0000009c   Data   RO         3847    .constdata          ff.o
    0x0800431c   0x0800431c   0x00000020   Data   RO         4219    Region$$Table       anon$$obj.o


    Execution Region RW_IRAM1 (Exec base: 0x20000000, Load base: 0x0800433c, Size: 0x000255c0, Max: 0x00050000, ABSOLUTE, COMPRESSED[0x000004b0])

    Exec Addr    Load Addr    Size         Type   Attr      Idx    E Section Name        Object

    0x20000000   COMPRESSED   0x00024a18   Data   RW           20    .data               main.o
    0x20024a18   COMPRESSED   0x00000004   Data   RW          223    .data               stm32f7xx_it.o
    0x20024a1c   COMPRESSED   0x00000001   Data   RW          477    .data               sd_diskio.o
    0x20024a1d   COMPRESSED   0x00000005   Data   RW          558    .data               fatfs.o
    0x20024a22   COMPRESSED   0x00000002   PAD
    0x20024a24   COMPRESSED   0x0000000c   Data   RW         1529    .data               stm32f7xx_hal.o
    0x20024a30   COMPRESSED   0x00000004   Data   RW         3700    .data               system_stm32f7xx.o
    0x20024a34   COMPRESSED   0x00000008   Data   RW         3848    .data               ff.o
    0x20024a3c        -       0x00000754   Zero   RW           19    .bss                main.o
    0x20025190        -       0x00000020   Zero   RW         3846    .bss                ff.o
    0x200251b0        -       0x0000000c   Zero   RW         4125    .bss                ff_gen_drv.o
    0x200251bc   COMPRESSED   0x00000004   PAD
    0x200251c0        -       0x00000400   Zero   RW            1    STACK               startup_stm32f746xx.o


==============================================================================

Image component sizes


      Code (inc. data)   RO Data    RW Data    ZI Data      Debug   Object Name

       154         24          0          0          0       4429   bsp_driver_sd.o
       140         26          0          0          0       4069   diskio.o
        32         10          0          5          0       1748   fatfs.o
        24          4          0          0          0        629   fatfs_platform.o
      5288         82        156          8         32      43728   ff.o
        70          6          0          0         12       1847   ff_gen_drv.o
      1772        134          0     150040       1876     873338   main.o
       232         14         20          1          0       5052   sd_diskio.o
        36          8        456          0       1024        892   startup_stm32f746xx.o
       128         20          0         12          0       9383   stm32f7xx_hal.o
       198         12          0          0          0      39323   stm32f7xx_hal_cortex.o
       528         58          0          0          0       4803   stm32f7xx_hal_gpio.o
       224         34          0          0          0       2426   stm32f7xx_hal_msp.o
       108          8          0          0          0       1380   stm32f7xx_hal_pwr_ex.o
      1300         40          0          0          0       4218   stm32f7xx_hal_rcc.o
      1276         16          0          0          0       2392   stm32f7xx_hal_rcc_ex.o
      2094         22          0          0          0      10956   stm32f7xx_hal_sd.o
       630         58          0          0          0       7376   stm32f7xx_hal_tim.o
       164         30          0          0          0       1524   stm32f7xx_hal_tim_ex.o
       124         12          0          4          0       6206   stm32f7xx_it.o
      1570         50          0          0          0      23295   stm32f7xx_ll_sdmmc.o
        28          6         16          4          0       1331   system_stm32f7xx.o

    ----------------------------------------------------------------------
     16160        674        680     150076       2948    1050345   Object Totals
         0          0         32          0          0          0   (incl. Generated)
        40          0          0          2          4          0   (incl. Padding)

    ----------------------------------------------------------------------

      Code (inc. data)   RO Data    RW Data    ZI Data      Debug   Library Member Name

        86          0          0          0          0          0   __dczerorl2.o
         0          0          0          0          0          0   entry.o
         0          0          0          0          0          0   entry10a.o
         0          0          0          0          0          0   entry11a.o
         8          4          0          0          0          0   entry2.o
         4          0          0          0          0          0   entry5.o
         0          0          0          0          0          0   entry7b.o
         0          0          0          0          0          0   entry8b.o
         8          4          0          0          0          0   entry9a.o
        30          0          0          0          0          0   handlers.o
        36          8          0          0          0         68   init.o
        30          0          0          0          0         68   llshl.o
        32          0          0          0          0         68   llushr.o
        36          0          0          0          0        108   memseta.o
        98          0          0          0          0         92   uldiv.o

    ----------------------------------------------------------------------
       372         16          0          0          0        404   Library Totals
         4          0          0          0          0          0   (incl. Padding)

    ----------------------------------------------------------------------

      Code (inc. data)   RO Data    RW Data    ZI Data      Debug   Library Name

       368         16          0          0          0        404   mc_w.l

    ----------------------------------------------------------------------
       372         16          0          0          0        404   Library Totals

    ----------------------------------------------------------------------

==============================================================================


      Code (inc. data)   RO Data    RW Data    ZI Data      Debug   

     16532        690        680     150076       2948    1037229   Grand Totals
     16532        690        680       1200       2948    1037229   ELF Image Totals (compressed)
     16532        690        680       1200          0          0   ROM Totals

==============================================================================

    Total RO  Size (Code + RO Data)                17212 (  16.81kB)
    Total RW  Size (RW Data + ZI Data)            153024 ( 149.44kB)
    Total ROM Size (Code + RO Data + RW Data)      18412 (  17.98kB)

==============================================================================

